Archive member included to satisfy reference by file (symbol)

../../DaisyExamples/libDaisy//build/libdaisy.a(daisy_seed.o)
                              build/run.o (daisy::DaisySeed::GetPin(unsigned char))
../../DaisyExamples/libDaisy//build/libdaisy.a(codec_ak4556.o)
                              ../../DaisyExamples/libDaisy//build/libdaisy.a(daisy_seed.o) (daisy::Ak4556::Init(dsy_gpio_pin))
../../DaisyExamples/libDaisy//build/libdaisy.a(codec_wm8731.o)
                              ../../DaisyExamples/libDaisy//build/libdaisy.a(daisy_seed.o) (daisy::Wm8731::Init(daisy::Wm8731::Config const&, daisy::I2CHandle))
../../DaisyExamples/libDaisy//build/libdaisy.a(sdram.o)
                              ../../DaisyExamples/libDaisy//build/libdaisy.a(daisy_seed.o) (SdramHandle::Init())
../../DaisyExamples/libDaisy//build/libdaisy.a(audio.o)
                              ../../DaisyExamples/libDaisy//build/libdaisy.a(daisy_seed.o) (daisy::AudioHandle::Init(daisy::AudioHandle::Config const&, daisy::SaiHandle))
../../DaisyExamples/libDaisy//build/libdaisy.a(logger.o)
                              build/run.o (daisy::Logger<(daisy::LoggerDestination)1>::PrintLine(char const*, ...))
../../DaisyExamples/libDaisy//build/libdaisy.a(usb.o)
                              ../../DaisyExamples/libDaisy//build/libdaisy.a(logger.o) (daisy::UsbHandle::Init(daisy::UsbHandle::UsbPeriph))
../../DaisyExamples/libDaisy//build/libdaisy.a(adc.o)
                              build/run.o (daisy::AdcChannelConfig::InitSingle(dsy_gpio_pin))
../../DaisyExamples/libDaisy//build/libdaisy.a(dac.o)
                              build/run.o (daisy::DacHandle::Init(daisy::DacHandle::Config const&))
../../DaisyExamples/libDaisy//build/libdaisy.a(gpio.o)
                              ../../DaisyExamples/libDaisy//build/libdaisy.a(daisy_seed.o) (dsy_gpio_init)
../../DaisyExamples/libDaisy//build/libdaisy.a(i2c.o)
                              ../../DaisyExamples/libDaisy//build/libdaisy.a(daisy_seed.o) (daisy::I2CHandle::Init(daisy::I2CHandle::Config const&))
../../DaisyExamples/libDaisy//build/libdaisy.a(qspi.o)
                              ../../DaisyExamples/libDaisy//build/libdaisy.a(daisy_seed.o) (daisy::QSPIHandle::Init(daisy::QSPIHandle::Config const&))
../../DaisyExamples/libDaisy//build/libdaisy.a(sai.o)
                              ../../DaisyExamples/libDaisy//build/libdaisy.a(daisy_seed.o) (daisy::SaiHandle::Init(daisy::SaiHandle::Config const&))
../../DaisyExamples/libDaisy//build/libdaisy.a(system.o)
                              ../../DaisyExamples/libDaisy//build/libdaisy.a(daisy_seed.o) (daisy::System::DeInit())
../../DaisyExamples/libDaisy//build/libdaisy.a(system_stm32h7xx.o)
                              build/startup_stm32h750xx.o (SystemInit)
../../DaisyExamples/libDaisy//build/libdaisy.a(usbd_cdc_if.o)
                              ../../DaisyExamples/libDaisy//build/libdaisy.a(usb.o) (CDC_Transmit_FS)
../../DaisyExamples/libDaisy//build/libdaisy.a(usbd_conf.o)
                              ../../DaisyExamples/libDaisy//build/libdaisy.a(usb.o) (hpcd_USB_OTG_FS)
../../DaisyExamples/libDaisy//build/libdaisy.a(usbd_desc.o)
                              ../../DaisyExamples/libDaisy//build/libdaisy.a(usb.o) (HS_Desc)
../../DaisyExamples/libDaisy//build/libdaisy.a(usbh_conf.o)
                              ../../DaisyExamples/libDaisy//build/libdaisy.a(system.o) (hhcd_USB_OTG_HS)
../../DaisyExamples/libDaisy//build/libdaisy.a(hal_map.o)
                              ../../DaisyExamples/libDaisy//build/libdaisy.a(gpio.o) (dsy_hal_map_get_port)
../../DaisyExamples/libDaisy//build/libdaisy.a(stm32h7xx_hal.o)
                              ../../DaisyExamples/libDaisy//build/libdaisy.a(system.o) (HAL_Init)
../../DaisyExamples/libDaisy//build/libdaisy.a(stm32h7xx_hal_adc.o)
                              ../../DaisyExamples/libDaisy//build/libdaisy.a(adc.o) (HAL_ADC_ConfigChannel)
../../DaisyExamples/libDaisy//build/libdaisy.a(stm32h7xx_hal_adc_ex.o)
                              ../../DaisyExamples/libDaisy//build/libdaisy.a(adc.o) (HAL_ADCEx_Calibration_Start)
../../DaisyExamples/libDaisy//build/libdaisy.a(stm32h7xx_hal_cortex.o)
                              ../../DaisyExamples/libDaisy//build/libdaisy.a(stm32h7xx_hal.o) (HAL_NVIC_SetPriorityGrouping)
../../DaisyExamples/libDaisy//build/libdaisy.a(stm32h7xx_hal_dac.o)
                              ../../DaisyExamples/libDaisy//build/libdaisy.a(dac.o) (HAL_DAC_Init)
../../DaisyExamples/libDaisy//build/libdaisy.a(stm32h7xx_hal_dac_ex.o)
                              ../../DaisyExamples/libDaisy//build/libdaisy.a(stm32h7xx_hal_dac.o) (HAL_DACEx_DMAUnderrunCallbackCh2)
../../DaisyExamples/libDaisy//build/libdaisy.a(stm32h7xx_hal_dma.o)
                              ../../DaisyExamples/libDaisy//build/libdaisy.a(adc.o) (HAL_DMA_Init)
../../DaisyExamples/libDaisy//build/libdaisy.a(stm32h7xx_hal_gpio.o)
[...]
Memory Configuration

Name             Origin             Length             Attributes
FLASH            0x08000000         0x00020000         xr
DTCMRAM          0x20000000         0x00020000         xrw
SRAM             0x24000000         0x00080000         xrw
RAM_D2           0x30000000         0x00048000         xrw
RAM_D3           0x38000000         0x00010000         xrw
ITCMRAM          0x00000000         0x00010000         xrw
SDRAM            0xc0000000         0x04000000         xrw
QSPIFLASH        0x90000000         0x00800000         xr
*default*        0x00000000         0xffffffff

Linker script and memory map

LOAD /usr/lib/gcc/arm-none-eabi/13.2.0/thumb/v7e-m+dp/hard/crti.o
LOAD /usr/lib/gcc/arm-none-eabi/13.2.0/thumb/v7e-m+dp/hard/crtbegin.o
LOAD /usr/lib/gcc/arm-none-eabi/13.2.0/../../../../arm-none-eabi/lib/thumb/v7e-m+dp/hard/crt0.o
LOAD build/startup_stm32h750xx.o
LOAD build/run.o
LOAD ../../DaisyExamples/libDaisy//build/libdaisy.a
LOAD /usr/lib/gcc/arm-none-eabi/13.2.0/../../../../arm-none-eabi/lib/thumb/v7e-m+dp/hard/libnosys.a
LOAD ../../DaisyExamples/DaisySP//build/libdaisysp.a
LOAD /usr/lib/gcc/arm-none-eabi/13.2.0/../../../../arm-none-eabi/lib/thumb/v7e-m+dp/hard/libstdc++_nano.a
LOAD /usr/lib/gcc/arm-none-eabi/13.2.0/../../../../arm-none-eabi/lib/thumb/v7e-m+dp/hard/libm.a
LOAD /usr/lib/gcc/arm-none-eabi/13.2.0/../../../../arm-none-eabi/lib/thumb/v7e-m+dp/hard/libc_nano.a
START GROUP
LOAD /usr/lib/gcc/arm-none-eabi/13.2.0/thumb/v7e-m+dp/hard/libgcc.a
LOAD /usr/lib/gcc/arm-none-eabi/13.2.0/../../../../arm-none-eabi/lib/thumb/v7e-m+dp/hard/libc_nano.a
END GROUP
START GROUP
LOAD /usr/lib/gcc/arm-none-eabi/13.2.0/thumb/v7e-m+dp/hard/libgcc.a
LOAD /usr/lib/gcc/arm-none-eabi/13.2.0/../../../../arm-none-eabi/lib/thumb/v7e-m+dp/hard/libc_nano.a
LOAD /usr/lib/gcc/arm-none-eabi/13.2.0/../../../../arm-none-eabi/lib/thumb/v7e-m+dp/hard/libnosys.a
END GROUP
START GROUP
LOAD /usr/lib/gcc/arm-none-eabi/13.2.0/thumb/v7e-m+dp/hard/libgcc.a
LOAD /usr/lib/gcc/arm-none-eabi/13.2.0/../../../../arm-none-eabi/lib/thumb/v7e-m+dp/hard/libc_nano.a
LOAD /usr/lib/gcc/arm-none-eabi/13.2.0/../../../../arm-none-eabi/lib/thumb/v7e-m+dp/hard/libnosys.a
END GROUP
LOAD /usr/lib/gcc/arm-none-eabi/13.2.0/thumb/v7e-m+dp/hard/crtend.o
LOAD /usr/lib/gcc/arm-none-eabi/13.2.0/thumb/v7e-m+dp/hard/crtn.o
                0x20020000                        _estack = 0x20020000

.isr_vector     0x08000000      0x298
                0x08000000                        . = ALIGN (0x4)
 *(.isr_vector)
 .isr_vector    0x08000000      0x298 build/startup_stm32h750xx.o
                0x08000000                g_pfnVectors
                0x08000298                        . = ALIGN (0x4)

.text           0x080002a0    0x13358
                0x080002a0                        . = ALIGN (0x4)
                0x080002a0                        _stext = .
 *(.text)
 .text          0x080002a0       0xa0 /usr/lib/gcc/arm-none-eabi/13.2.0/../../../../arm-none-eabi/lib/thumb/v7e-m+dp/hard/libc_nano.a(libc_a-memchr.o)
                0x080002a0                memchr
 .text          0x08000340       0x10 /usr/lib/gcc/arm-none-eabi/13.2.0/../../../../arm-none-eabi/lib/thumb/v7e-m+dp/hard/libc_nano.a(libc_a-strlen.o)
                0x08000340                strlen
 .text          0x08000350       0x30 /usr/lib/gcc/arm-none-eabi/13.2.0/thumb/v7e-m+dp/hard/libgcc.a(_aeabi_uldivmod.o)
                0x08000350                __aeabi_uldivmod
 .text          0x08000380        0x4 /usr/lib/gcc/arm-none-eabi/13.2.0/thumb/v7e-m+dp/hard/libgcc.a(_dvmd_tls.o)
                0x08000380                __aeabi_ldiv0
                0x08000380                __aeabi_idiv0
 *(.text*)
 .text.__do_global_dtors_aux
                0x08000384       0x24 /usr/lib/gcc/arm-none-eabi/13.2.0/thumb/v7e-m+dp/hard/crtbegin.o
 .text.frame_dummy
                0x080003a8       0x1c /usr/lib/gcc/arm-none-eabi/13.2.0/thumb/v7e-m+dp/hard/crtbegin.o
 .text.Default_Handler
                0x080003c4        0x4 build/startup_stm32h750xx.o
                0x080003c4                RTC_Alarm_IRQHandler
                0x080003c4                HASH_RNG_IRQHandler
                0x080003c4                EXTI2_IRQHandler
                0x080003c4                TIM8_CC_IRQHandler
                0x080003c4                HRTIM1_Master_IRQHandler
                0x080003c4                DebugMon_Handler
                0x080003c4                TIM1_CC_IRQHandler
                0x080003c4                BDMA_Channel6_IRQHandler
                0x080003c4                DMA2_Stream5_IRQHandler
                0x080003c4                HRTIM1_FLT_IRQHandler
                0x080003c4                JPEG_IRQHandler
                0x080003c4                BDMA_Channel1_IRQHandler
                0x080003c4                HRTIM1_TIMD_IRQHandler
                0x080003c4                TAMP_STAMP_IRQHandler
                0x080003c4                PendSV_Handler
                0x080003c4                NMI_Handler
                0x080003c4                EXTI3_IRQHandler
                0x080003c4                LPTIM4_IRQHandler
                0x080003c4                TIM8_TRG_COM_TIM14_IRQHandler
                0x080003c4                LPTIM2_IRQHandler
                0x080003c4                DFSDM1_FLT1_IRQHandler
                0x080003c4                DMAMUX2_OVR_IRQHandler
                0x080003c4                TIM8_UP_TIM13_IRQHandler
                0x080003c4                I2C3_ER_IRQHandler
                0x080003c4                DFSDM1_FLT2_IRQHandler
                0x080003c4                MDMA_IRQHandler
                0x080003c4                LPTIM3_IRQHandler
                0x080003c4                HSEM1_IRQHandler
                0x080003c4                EXTI0_IRQHandler
                0x080003c4                FPU_IRQHandler
                0x080003c4                OTG_HS_WKUP_IRQHandler
                0x080003c4                FDCAN1_IT1_IRQHandler
                0x080003c4                UsageFault_Handler
                0x080003c4                LTDC_ER_IRQHandler
                0x080003c4                HRTIM1_TIME_IRQHandler
                0x080003c4                DCMI_IRQHandler
                0x080003c4                HRTIM1_TIMC_IRQHandler
                0x080003c4                SAI2_IRQHandler
                0x080003c4                DFSDM1_FLT3_IRQHandler
                0x080003c4                TIM17_IRQHandler
                0x080003c4                CRYP_IRQHandler
                0x080003c4                BDMA_Channel7_IRQHandler
                0x080003c4                LPTIM5_IRQHandler
                0x080003c4                ADC3_IRQHandler
                0x080003c4                BDMA_Channel2_IRQHandler
                0x080003c4                DMAMUX1_OVR_IRQHandler
                0x080003c4                TIM16_IRQHandler
                0x080003c4                BDMA_Channel5_IRQHandler
                0x080003c4                RCC_IRQHandler
                0x080003c4                TIM8_BRK_TIM12_IRQHandler
                0x080003c4                TIM1_TRG_COM_IRQHandler
                0x080003c4                Default_Handler
                0x080003c4                ECC_IRQHandler
                0x080003c4                CEC_IRQHandler
                0x080003c4                EXTI15_10_IRQHandler
                0x080003c4                BDMA_Channel0_IRQHandler
                0x080003c4                ADC_IRQHandler
                0x080003c4                DMA1_Stream7_IRQHandler
                0x080003c4                HRTIM1_TIMA_IRQHandler
                0x080003c4                TIM7_IRQHandler
                0x080003c4                SDMMC1_IRQHandler
                0x080003c4                DMA2_Stream7_IRQHandler
                0x080003c4                TIM15_IRQHandler
                0x080003c4                PVD_AVD_IRQHandler
                0x080003c4                EXTI9_5_IRQHandler
                0x080003c4                RTC_WKUP_IRQHandler
                0x080003c4                LTDC_IRQHandler
                0x080003c4                SAI3_IRQHandler
                0x080003c4                ETH_WKUP_IRQHandler
                0x080003c4                SPDIF_RX_IRQHandler
                0x080003c4                MemManage_Handler
                0x080003c4                SVC_Handler
                0x080003c4                CRS_IRQHandler
                0x080003c4                EXTI4_IRQHandler
                0x080003c4                HRTIM1_TIMB_IRQHandler
                0x080003c4                FDCAN2_IT1_IRQHandler
                0x080003c4                ETH_IRQHandler
                0x080003c4                TIM1_UP_IRQHandler
                0x080003c4                BDMA_Channel4_IRQHandler
                0x080003c4                WWDG_IRQHandler
                0x080003c4                SPI6_IRQHandler
                0x080003c4                I2C4_EV_IRQHandler
                0x080003c4                MDIOS_IRQHandler
                0x080003c4                FDCAN2_IT0_IRQHandler
                0x080003c4                FDCAN1_IT0_IRQHandler
                0x080003c4                OTG_FS_WKUP_IRQHandler
                0x080003c4                DMA2D_IRQHandler
                0x080003c4                TIM1_BRK_IRQHandler
                0x080003c4                EXTI1_IRQHandler
                0x080003c4                SDMMC2_IRQHandler
                0x080003c4                BDMA_Channel3_IRQHandler
                0x080003c4                MDIOS_WKUP_IRQHandler
                0x080003c4                DFSDM1_FLT0_IRQHandler
                0x080003c4                SAI4_IRQHandler
                0x080003c4                I2C2_ER_IRQHandler
                0x080003c4                FLASH_IRQHandler
                0x080003c4                BusFault_Handler
                0x080003c4                WAKEUP_PIN_IRQHandler
                0x080003c4                I2C1_ER_IRQHandler
                0x080003c4                FMC_IRQHandler
                0x080003c4                FDCAN_CAL_IRQHandler
                0x080003c4                SWPMI1_IRQHandler
                0x080003c4                COMP1_IRQHandler
                0x080003c4                LPTIM1_IRQHandler
                0x080003c4                I2C4_ER_IRQHandler
                0x080003c4                DMA2_Stream6_IRQHandler
                0x080003c4                SAI1_IRQHandler
 .text.Reset_Handler
                0x080003c8       0x44 build/startup_stm32h750xx.o
                0x080003c8                Reset_Handler
 .text._ZN5daisy9DaisySeedD2Ev
                0x0800040c        0x4 build/run.o
                0x0800040c                daisy::DaisySeed::~DaisySeed()
                0x0800040c                daisy::DaisySeed::~DaisySeed()
 .text._Z27calculate_voltages_and_tempv
                0x08000410       0x7c build/run.o
                0x08000410                calculate_voltages_and_temp()
 .text.startup.main
                0x0800048c       0xe0 build/run.o
                0x0800048c                main
 .text.startup._GLOBAL__sub_I_hw
                0x0800056c       0x20 build/run.o
 .text._ZN5daisy9DaisySeed6GetPinEh
                0x0800058c       0x2c ../../DaisyExamples/libDaisy//build/libdaisy.a(daisy_seed.o)
                0x0800058c                daisy::DaisySeed::GetPin(unsigned char)
 .text._ZN5daisy9DaisySeed6SetLedEb
                0x080005b8        0x8 ../../DaisyExamples/libDaisy//build/libdaisy.a(daisy_seed.o)
                0x080005b8                daisy::DaisySeed::SetLed(bool)
 .text._ZN5daisy9DaisySeed14ConfigureAudioEv
                0x080005c0       0xd0 ../../DaisyExamples/libDaisy//build/libdaisy.a(daisy_seed.o)
                0x080005c0                daisy::DaisySeed::ConfigureAudio()
 .text._ZN5daisy9DaisySeed4InitEb
                0x08000690       0xd4 ../../DaisyExamples/libDaisy//build/libdaisy.a(daisy_seed.o)
                0x08000690                daisy::DaisySeed::Init(bool)
 .text._ZN5daisy6Ak45564InitE12dsy_gpio_pin
                0x08000764       0x40 ../../DaisyExamples/libDaisy//build/libdaisy.a(codec_ak4556.o)
                0x08000764                daisy::Ak4556::Init(dsy_gpio_pin)
 .text._ZN5daisy6Wm873120WriteControlRegisterEht
                0x080007a4       0x3c ../../DaisyExamples/libDaisy//build/libdaisy.a(codec_wm8731.o)
                0x080007a4                daisy::Wm8731::WriteControlRegister(unsigned char, unsigned short)
 .text._ZN5daisy6Wm87314InitERKNS0_6ConfigENS_9I2CHandleE
                0x080007e0      0x1b4 ../../DaisyExamples/libDaisy//build/libdaisy.a(codec_wm8731.o)
                0x080007e0                daisy::Wm8731::Init(daisy::Wm8731::Config const&, daisy::I2CHandle)
 .text._ZN11SdramHandle10DeviceInitEv
                0x08000994       0x8c ../../DaisyExamples/libDaisy//build/libdaisy.a(sdram.o)
                0x08000994                SdramHandle::DeviceInit()
 .text._ZN11SdramHandle4InitEv
                0x08000a20       0x88 ../../DaisyExamples/libDaisy//build/libdaisy.a(sdram.o)
                0x08000a20                SdramHandle::Init()
 .text.HAL_SDRAM_MspInit
                0x08000aa8      0x19c ../../DaisyExamples/libDaisy//build/libdaisy.a(sdram.o)
                0x08000aa8                HAL_SDRAM_MspInit
 .text._ZN5daisy11AudioHandle4InitERKNS0_6ConfigENS_9SaiHandleE
                0x08000c44       0x70 ../../DaisyExamples/libDaisy//build/libdaisy.a(audio.o)
                0x08000c44                daisy::AudioHandle::Init(daisy::AudioHandle::Config const&, daisy::SaiHandle)
 .text._ZNK5daisy11AudioHandle9GetConfigEv
                0x08000cb4        0x8 ../../DaisyExamples/libDaisy//build/libdaisy.a(audio.o)
                0x08000cb4                daisy::AudioHandle::GetConfig() const
 .text._ZN5daisy11AudioHandle13GetSampleRateEv
                0x08000cbc        0x8 ../../DaisyExamples/libDaisy//build/libdaisy.a(audio.o)
                0x08000cbc                daisy::AudioHandle::GetSampleRate()
 .text.startup._GLOBAL__sub_I__ZN5daisy11AudioHandle4Impl4InitENS0_6ConfigENS_9SaiHandleE
                0x08000cc4       0x20 ../../DaisyExamples/libDaisy//build/libdaisy.a(audio.o)
 .text._ZN5daisy9UsbHandleD2Ev
                0x08000ce4        0x4 ../../DaisyExamples/libDaisy//build/libdaisy.a(logger.o)
                0x08000ce4                daisy::UsbHandle::~UsbHandle()
                0x08000ce4                daisy::UsbHandle::~UsbHandle()
 .text._ZN5daisy6LoggerILNS_17LoggerDestinationE1EE9PrintLineEPKcz
                0x08000ce8       0xc8 ../../DaisyExamples/libDaisy//build/libdaisy.a(logger.o)
                0x08000ce8                daisy::Logger<(daisy::LoggerDestination)1>::PrintLine(char const*, ...)
 .text._ZN5daisy6LoggerILNS_17LoggerDestinationE1EE8StartLogEb
                0x08000db0       0x38 ../../DaisyExamples/libDaisy//build/libdaisy.a(logger.o)
                0x08000db0                daisy::Logger<(daisy::LoggerDestination)1>::StartLog(bool)
 .text.startup._GLOBAL__sub_I__ZN5daisy10LoggerImplILNS_17LoggerDestinationE1EE11usb_handle_E
                0x08000de8       0x30 ../../DaisyExamples/libDaisy//build/libdaisy.a(logger.o)
 .text.DummyRxCallback
                0x08000e18        0x4 ../../DaisyExamples/libDaisy//build/libdaisy.a(usb.o)
                0x08000e18                DummyRxCallback
 .text._ZN5daisy9UsbHandle4InitENS0_9UsbPeriphE
                0x08000e1c      0x10c ../../DaisyExamples/libDaisy//build/libdaisy.a(usb.o)
                0x08000e1c                daisy::UsbHandle::Init(daisy::UsbHandle::UsbPeriph)
 .text._ZN5daisy9UsbHandle16TransmitInternalEPhj
                0x08000f28       0x14 ../../DaisyExamples/libDaisy//build/libdaisy.a(usb.o)
                0x08000f28                daisy::UsbHandle::TransmitInternal(unsigned char*, unsigned int)
 .text.OTG_FS_EP1_OUT_IRQHandler
                0x08000f3c        0xc ../../DaisyExamples/libDaisy//build/libdaisy.a(usb.o)
                0x08000f3c                OTG_FS_EP1_OUT_IRQHandler
 .text.OTG_FS_EP1_IN_IRQHandler
                0x08000f48        0xc ../../DaisyExamples/libDaisy//build/libdaisy.a(usb.o)
                0x08000f48                OTG_FS_EP1_IN_IRQHandler
 .text.OTG_FS_IRQHandler
                0x08000f54        0xc ../../DaisyExamples/libDaisy//build/libdaisy.a(usb.o)
                0x08000f54                OTG_FS_IRQHandler
 .text._ZN5daisy16AdcChannelConfig10InitSingleE12dsy_gpio_pin
                0x08000f60       0x1c ../../DaisyExamples/libDaisy//build/libdaisy.a(adc.o)
                0x08000f60                daisy::AdcChannelConfig::InitSingle(dsy_gpio_pin)
 .text._ZN5daisy9AdcHandle4InitEPNS_16AdcChannelConfigEjNS0_12OverSamplingE
                0x08000f7c      0x398 ../../DaisyExamples/libDaisy//build/libdaisy.a(adc.o)
                0x08000f7c                daisy::AdcHandle::Init(daisy::AdcChannelConfig*, unsigned int, daisy::AdcHandle::OverSampling)
 .text._ZN5daisy9AdcHandle5StartEv
                0x08001314       0x28 ../../DaisyExamples/libDaisy//build/libdaisy.a(adc.o)
                0x08001314                daisy::AdcHandle::Start()
 .text._ZNK5daisy9AdcHandle3GetEh
                0x0800133c       0x18 ../../DaisyExamples/libDaisy//build/libdaisy.a(adc.o)
                0x0800133c                daisy::AdcHandle::Get(unsigned char) const
 .text.HAL_ADC_MspInit
                0x08001354       0x94 ../../DaisyExamples/libDaisy//build/libdaisy.a(adc.o)
                0x08001354                HAL_ADC_MspInit
 .text.DMA1_Stream2_IRQHandler
                0x080013e8        0xc ../../DaisyExamples/libDaisy//build/libdaisy.a(adc.o)
                0x080013e8                DMA1_Stream2_IRQHandler
 .text.HAL_ADC_ConvCpltCallback
                0x080013f4      0x11c ../../DaisyExamples/libDaisy//build/libdaisy.a(adc.o)
                0x080013f4                HAL_ADC_ConvCpltCallback
 .text.HAL_ADC_ErrorCallback
                0x08001510        0x4 ../../DaisyExamples/libDaisy//build/libdaisy.a(adc.o)
                0x08001510                HAL_ADC_ErrorCallback
 .text.HAL_DAC_MspInit
                0x08001514      0x15c ../../DaisyExamples/libDaisy//build/libdaisy.a(dac.o)
                0x08001514                HAL_DAC_MspInit
 .text.DMA2_Stream0_IRQHandler
                0x08001670        0xc ../../DaisyExamples/libDaisy//build/libdaisy.a(dac.o)
                0x08001670                DMA2_Stream0_IRQHandler
 .text.DMA2_Stream1_IRQHandler
                0x0800167c        0xc ../../DaisyExamples/libDaisy//build/libdaisy.a(dac.o)
                0x0800167c                DMA2_Stream1_IRQHandler
 .text.TIM6_DAC_IRQHandler
                0x08001688       0x1c ../../DaisyExamples/libDaisy//build/libdaisy.a(dac.o)
                0x08001688                TIM6_DAC_IRQHandler
 .text._ZN5daisy9DacHandle4InitERKNS0_6ConfigE
                0x080016a4       0xfc ../../DaisyExamples/libDaisy//build/libdaisy.a(dac.o)
                0x080016a4                daisy::DacHandle::Init(daisy::DacHandle::Config const&)
 .text._ZN5daisy9DacHandle10WriteValueENS0_7ChannelEt
                0x080017a0       0x70 ../../DaisyExamples/libDaisy//build/libdaisy.a(dac.o)
                0x080017a0                daisy::DacHandle::WriteValue(daisy::DacHandle::Channel, unsigned short)
 .text.dsy_gpio_init
                0x08001810      0x1bc ../../DaisyExamples/libDaisy//build/libdaisy.a(gpio.o)
                0x08001810                dsy_gpio_init
 .text.dsy_gpio_read
                0x080019cc       0x1c ../../DaisyExamples/libDaisy//build/libdaisy.a(gpio.o)
                0x080019cc                dsy_gpio_read
 .text.dsy_gpio_write
                0x080019e8       0x24 ../../DaisyExamples/libDaisy//build/libdaisy.a(gpio.o)
                0x080019e8                dsy_gpio_write
 .text._ZN5daisy9I2CHandle4Impl8InitPinsEv
                0x08001a0c       0x58 ../../DaisyExamples/libDaisy//build/libdaisy.a(i2c.o)
                0x08001a0c                daisy::I2CHandle::Impl::InitPins()
 .text.HAL_I2C_MspInit
                0x08001a64      0x1b4 ../../DaisyExamples/libDaisy//build/libdaisy.a(i2c.o)
                0x08001a64                HAL_I2C_MspInit
 .text.dsy_i2c_global_init
                0x08001c18       0x70 ../../DaisyExamples/libDaisy//build/libdaisy.a(i2c.o)
                0x08001c18                dsy_i2c_global_init
 .text.DMA1_Stream6_IRQHandler
                0x08001c88       0x30 ../../DaisyExamples/libDaisy//build/libdaisy.a(i2c.o)
                0x08001c88                DMA1_Stream6_IRQHandler
 .text.I2C1_EV_IRQHandler
                0x08001cb8        0xc ../../DaisyExamples/libDaisy//build/libdaisy.a(i2c.o)
                0x08001cb8                I2C1_EV_IRQHandler
 .text.I2C2_EV_IRQHandler
                0x08001cc4        0xc ../../DaisyExamples/libDaisy//build/libdaisy.a(i2c.o)
                0x08001cc4                I2C2_EV_IRQHandler
 .text.I2C3_EV_IRQHandler
                0x08001cd0        0xc ../../DaisyExamples/libDaisy//build/libdaisy.a(i2c.o)
                0x08001cd0                I2C3_EV_IRQHandler
 .text._ZN5daisy9I2CHandle4InitERKNS0_6ConfigE
                0x08001cdc      0x120 ../../DaisyExamples/libDaisy//build/libdaisy.a(i2c.o)
                0x08001cdc                daisy::I2CHandle::Init(daisy::I2CHandle::Config const&)
 .text._ZN5daisy9I2CHandle16TransmitBlockingEtPhtm
                0x08001dfc       0x50 ../../DaisyExamples/libDaisy//build/libdaisy.a(i2c.o)
                0x08001dfc                daisy::I2CHandle::TransmitBlocking(unsigned short, unsigned char*, unsigned short, unsigned long)
 .text.startup._GLOBAL__sub_I__ZN5daisy9I2CHandle4Impl10GlobalInitEv
                0x08001e4c       0x18 ../../DaisyExamples/libDaisy//build/libdaisy.a(i2c.o)
 .text._ZN5daisy10QSPIHandle4Impl11WriteEnableEv
                0x08001e64       0x88 ../../DaisyExamples/libDaisy//build/libdaisy.a(qspi.o)
                0x08001e64                daisy::QSPIHandle::Impl::WriteEnable()
 *fill*         0x08001eec        0x4 
 .text._ZN5daisy10QSPIHandle4Impl17DummyCyclesConfigENS0_6Config6DeviceE
                0x08001ef0      0x108 ../../DaisyExamples/libDaisy//build/libdaisy.a(qspi.o)
                0x08001ef0                daisy::QSPIHandle::Impl::DummyCyclesConfig(daisy::QSPIHandle::Config::Device)
 .text._ZN5daisy10QSPIHandle4Impl10QuadEnableEv
                0x08001ff8      0x140 ../../DaisyExamples/libDaisy//build/libdaisy.a(qspi.o)
                0x08001ff8                daisy::QSPIHandle::Impl::QuadEnable()
 .text._ZN5daisy10QSPIHandle4InitERKNS0_6ConfigE
                0x08002138      0x180 ../../DaisyExamples/libDaisy//build/libdaisy.a(qspi.o)
                0x08002138                daisy::QSPIHandle::Init(daisy::QSPIHandle::Config const&)
 .text.HAL_QSPI_MspInit
                0x080022b8      0x11c ../../DaisyExamples/libDaisy//build/libdaisy.a(qspi.o)
                0x080022b8                HAL_QSPI_MspInit
 .text.HAL_QSPI_MspDeInit
                0x080023d4       0x54 ../../DaisyExamples/libDaisy//build/libdaisy.a(qspi.o)
                0x080023d4                HAL_QSPI_MspDeInit
 .text.QUADSPI_IRQHandler
                0x08002428        0xc ../../DaisyExamples/libDaisy//build/libdaisy.a(qspi.o)
                0x08002428                QUADSPI_IRQHandler
 .text.startup._GLOBAL__sub_I__ZN5daisy10QSPIHandle4Impl4InitERKNS0_6ConfigE
                0x08002434       0x28 ../../DaisyExamples/libDaisy//build/libdaisy.a(qspi.o)
 .text._ZN5daisy9SaiHandle4Impl8InitPinsEv
                0x0800245c       0xac ../../DaisyExamples/libDaisy//build/libdaisy.a(sai.o)
                0x0800245c                daisy::SaiHandle::Impl::InitPins()
 .text.HAL_SAI_MspInit
                0x08002508      0x2a8 ../../DaisyExamples/libDaisy//build/libdaisy.a(sai.o)
                0x08002508                HAL_SAI_MspInit
 .text.DMA1_Stream0_IRQHandler
                0x080027b0        0xc ../../DaisyExamples/libDaisy//build/libdaisy.a(sai.o)
                0x080027b0                DMA1_Stream0_IRQHandler
 .text.DMA1_Stream1_IRQHandler
                0x080027bc        0xc ../../DaisyExamples/libDaisy//build/libdaisy.a(sai.o)
                0x080027bc                DMA1_Stream1_IRQHandler
 .text.DMA1_Stream3_IRQHandler
                0x080027c8        0xc ../../DaisyExamples/libDaisy//build/libdaisy.a(sai.o)
                0x080027c8                DMA1_Stream3_IRQHandler
 .text.DMA1_Stream4_IRQHandler
                0x080027d4        0xc ../../DaisyExamples/libDaisy//build/libdaisy.a(sai.o)
                0x080027d4                DMA1_Stream4_IRQHandler
 .text._ZN5daisy9SaiHandle4InitERKNS0_6ConfigE
                0x080027e0      0x204 ../../DaisyExamples/libDaisy//build/libdaisy.a(sai.o)
                0x080027e0                daisy::SaiHandle::Init(daisy::SaiHandle::Config const&)
 .text._ZNK5daisy9SaiHandle9GetConfigEv
                0x080029e4        0x4 ../../DaisyExamples/libDaisy//build/libdaisy.a(sai.o)
                0x080029e4                daisy::SaiHandle::GetConfig() const
 .text._ZN5daisy9SaiHandle13GetSampleRateEv
                0x080029e8       0x24 ../../DaisyExamples/libDaisy//build/libdaisy.a(sai.o)
                0x080029e8                daisy::SaiHandle::GetSampleRate()
 .text._ZN5daisy11TimerHandleD2Ev
                0x08002a0c        0x4 ../../DaisyExamples/libDaisy//build/libdaisy.a(system.o)
                0x08002a0c                daisy::TimerHandle::~TimerHandle()
                0x08002a0c                daisy::TimerHandle::~TimerHandle()
 .text.SysTick_Handler
                0x08002a10       0x10 ../../DaisyExamples/libDaisy//build/libdaisy.a(system.o)
                0x08002a10                SysTick_Handler
 .text.OTG_HS_EP1_OUT_IRQHandler
                0x08002a20       0x24 ../../DaisyExamples/libDaisy//build/libdaisy.a(system.o)
                0x08002a20                OTG_HS_EP1_OUT_IRQHandler
 .text.OTG_HS_EP1_IN_IRQHandler
                0x08002a44       0x24 ../../DaisyExamples/libDaisy//build/libdaisy.a(system.o)
                0x08002a44                OTG_HS_EP1_IN_IRQHandler
 .text.OTG_HS_IRQHandler
                0x08002a68       0x24 ../../DaisyExamples/libDaisy//build/libdaisy.a(system.o)
                0x08002a68                OTG_HS_IRQHandler
 .text.HardFault_Handler
                0x08002a8c       0xe0 ../../DaisyExamples/libDaisy//build/libdaisy.a(system.o)
                0x08002a8c                HardFault_Handler
 .text._ZN5daisy6System5DelayEm
                0x08002b6c        0x4 ../../DaisyExamples/libDaisy//build/libdaisy.a(system.o)
                0x08002b6c                daisy::System::Delay(unsigned long)
 .text._ZN5daisy6System7DelayUsEm
                0x08002b70        0xc ../../DaisyExamples/libDaisy//build/libdaisy.a(system.o)
                0x08002b70                daisy::System::DelayUs(unsigned long)
 .text._ZN5daisy6System15ConfigureClocksEv
                0x08002b7c      0x188 ../../DaisyExamples/libDaisy//build/libdaisy.a(system.o)
                0x08002b7c                daisy::System::ConfigureClocks()
 .text._ZN5daisy6System4InitERKNS0_6ConfigE
                0x08002d04      0x13c ../../DaisyExamples/libDaisy//build/libdaisy.a(system.o)
                0x08002d04                daisy::System::Init(daisy::System::Config const&)
 .text._ZN5daisy6System12GetPClk1FreqEv
                0x08002e40        0x4 ../../DaisyExamples/libDaisy//build/libdaisy.a(system.o)
                0x08002e40                daisy::System::GetPClk1Freq()
 .text._ZN5daisy6System12GetPClk2FreqEv
                0x08002e44        0x4 ../../DaisyExamples/libDaisy//build/libdaisy.a(system.o)
                0x08002e44                daisy::System::GetPClk2Freq()
 .text._ZN5daisy6System22GetProgramMemoryRegionEv
                0x08002e48       0x78 ../../DaisyExamples/libDaisy//build/libdaisy.a(system.o)
                0x08002e48                daisy::System::GetProgramMemoryRegion()
 .text.startup._GLOBAL__sub_I_SysTick_Handler
                0x08002ec0       0x1c ../../DaisyExamples/libDaisy//build/libdaisy.a(system.o)
 .text.SystemInit
                0x08002edc       0x98 ../../DaisyExamples/libDaisy//build/libdaisy.a(system_stm32h7xx.o)
                0x08002edc                SystemInit
 .text.dummy_rx_callback
                0x08002f74        0x4 ../../DaisyExamples/libDaisy//build/libdaisy.a(usbd_cdc_if.o)
                0x08002f74                dummy_rx_callback
 .text.CDC_DeInit_FS
                0x08002f78        0x4 ../../DaisyExamples/libDaisy//build/libdaisy.a(usbd_cdc_if.o)
 .text.CDC_Receive_FS
                0x08002f7c       0x2c ../../DaisyExamples/libDaisy//build/libdaisy.a(usbd_cdc_if.o)
 .text.CDC_Receive_HS
                0x08002fa8       0x2c ../../DaisyExamples/libDaisy//build/libdaisy.a(usbd_cdc_if.o)
 .text.CDC_Init_FS
                0x08002fd4       0x3c ../../DaisyExamples/libDaisy//build/libdaisy.a(usbd_cdc_if.o)
 .text.CDC_Init_HS
                0x08003010       0x3c ../../DaisyExamples/libDaisy//build/libdaisy.a(usbd_cdc_if.o)
 .text.CDC_Control_FS
                0x0800304c       0x38 ../../DaisyExamples/libDaisy//build/libdaisy.a(usbd_cdc_if.o)
 .text.CDC_Control_HS
                0x08003084       0x38 ../../DaisyExamples/libDaisy//build/libdaisy.a(usbd_cdc_if.o)
 .text.CDC_DeInit_HS
                0x080030bc        0x4 ../../DaisyExamples/libDaisy//build/libdaisy.a(usbd_cdc_if.o)
 .text.CDC_Transmit_FS
                0x080030c0       0x2c ../../DaisyExamples/libDaisy//build/libdaisy.a(usbd_cdc_if.o)
                0x080030c0                CDC_Transmit_FS
 .text.HAL_PCD_MspInit
                0x080030ec      0x144 ../../DaisyExamples/libDaisy//build/libdaisy.a(usbd_conf.o)
                0x080030ec                HAL_PCD_MspInit
 .text.HAL_PCD_SetupStageCallback
                0x08003230        0xc ../../DaisyExamples/libDaisy//build/libdaisy.a(usbd_conf.o)
                0x08003230                HAL_PCD_SetupStageCallback
 .text.HAL_PCD_DataOutStageCallback
                0x0800323c       0x14 ../../DaisyExamples/libDaisy//build/libdaisy.a(usbd_conf.o)
                0x0800323c                HAL_PCD_DataOutStageCallback
 .text.HAL_PCD_DataInStageCallback
                0x08003250       0x14 ../../DaisyExamples/libDaisy//build/libdaisy.a(usbd_conf.o)
                0x08003250                HAL_PCD_DataInStageCallback
 .text.HAL_PCD_SOFCallback
                0x08003264        0x8 ../../DaisyExamples/libDaisy//build/libdaisy.a(usbd_conf.o)
                0x08003264                HAL_PCD_SOFCallback
 .text.HAL_PCD_ResetCallback
                0x0800326c       0x24 ../../DaisyExamples/libDaisy//build/libdaisy.a(usbd_conf.o)
                0x0800326c                HAL_PCD_ResetCallback
 .text.HAL_PCD_SuspendCallback
                0x08003290       0x30 ../../DaisyExamples/libDaisy//build/libdaisy.a(usbd_conf.o)
                0x08003290                HAL_PCD_SuspendCallback
 .text.HAL_PCD_ResumeCallback
                0x080032c0        0x8 ../../DaisyExamples/libDaisy//build/libdaisy.a(usbd_conf.o)
                0x080032c0                HAL_PCD_ResumeCallback
 .text.HAL_PCD_ISOOUTIncompleteCallback
                0x080032c8        0x8 ../../DaisyExamples/libDaisy//build/libdaisy.a(usbd_conf.o)
                0x080032c8                HAL_PCD_ISOOUTIncompleteCallback
 .text.HAL_PCD_ISOINIncompleteCallback
                0x080032d0        0x8 ../../DaisyExamples/libDaisy//build/libdaisy.a(usbd_conf.o)
                0x080032d0                HAL_PCD_ISOINIncompleteCallback
 .text.HAL_PCD_ConnectCallback
                0x080032d8        0x8 ../../DaisyExamples/libDaisy//build/libdaisy.a(usbd_conf.o)
                0x080032d8                HAL_PCD_ConnectCallback
 .text.HAL_PCD_DisconnectCallback
                0x080032e0        0x8 ../../DaisyExamples/libDaisy//build/libdaisy.a(usbd_conf.o)
                0x080032e0                HAL_PCD_DisconnectCallback
 .text.USBD_LL_Init
                0x080032e8       0xd0 ../../DaisyExamples/libDaisy//build/libdaisy.a(usbd_conf.o)
                0x080032e8                USBD_LL_Init
 .text.USBD_LL_Start
                0x080033b8       0x18 ../../DaisyExamples/libDaisy//build/libdaisy.a(usbd_conf.o)
                0x080033b8                USBD_LL_Start
 .text.USBD_LL_OpenEP
                0x080033d0       0x1c ../../DaisyExamples/libDaisy//build/libdaisy.a(usbd_conf.o)
                0x080033d0                USBD_LL_OpenEP
 .text.USBD_LL_CloseEP
                0x080033ec       0x18 ../../DaisyExamples/libDaisy//build/libdaisy.a(usbd_conf.o)
                0x080033ec                USBD_LL_CloseEP
 .text.USBD_LL_StallEP
                0x08003404       0x18 ../../DaisyExamples/libDaisy//build/libdaisy.a(usbd_conf.o)
                0x08003404                USBD_LL_StallEP
 .text.USBD_LL_ClearStallEP
                0x0800341c       0x18 ../../DaisyExamples/libDaisy//build/libdaisy.a(usbd_conf.o)
                0x0800341c                USBD_LL_ClearStallEP
 .text.USBD_LL_IsStallEP
                0x08003434       0x28 ../../DaisyExamples/libDaisy//build/libdaisy.a(usbd_conf.o)
                0x08003434                USBD_LL_IsStallEP
 .text.USBD_LL_SetUSBAddress
                0x0800345c       0x18 ../../DaisyExamples/libDaisy//build/libdaisy.a(usbd_conf.o)
                0x0800345c                USBD_LL_SetUSBAddress
 .text.USBD_LL_Transmit
                0x08003474       0x18 ../../DaisyExamples/libDaisy//build/libdaisy.a(usbd_conf.o)
                0x08003474                USBD_LL_Transmit
 .text.USBD_LL_PrepareReceive
                0x0800348c       0x18 ../../DaisyExamples/libDaisy//build/libdaisy.a(usbd_conf.o)
                0x0800348c                USBD_LL_PrepareReceive
 .text.USBD_LL_GetRxDataSize
                0x080034a4        0x8 ../../DaisyExamples/libDaisy//build/libdaisy.a(usbd_conf.o)
                0x080034a4                USBD_LL_GetRxDataSize
 .text.USBD_HS_DeviceDescriptor
                0x080034ac        0xc ../../DaisyExamples/libDaisy//build/libdaisy.a(usbd_desc.o)
                0x080034ac                USBD_HS_DeviceDescriptor
 .text.USBD_FS_DeviceDescriptor
                0x080034b8        0xc ../../DaisyExamples/libDaisy//build/libdaisy.a(usbd_desc.o)
                0x080034b8                USBD_FS_DeviceDescriptor
 .text.USBD_FS_LangIDStrDescriptor
                0x080034c4        0xc ../../DaisyExamples/libDaisy//build/libdaisy.a(usbd_desc.o)
                0x080034c4                USBD_FS_LangIDStrDescriptor
 .text.USBD_FS_ManufacturerStrDescriptor
                0x080034d0       0x1c ../../DaisyExamples/libDaisy//build/libdaisy.a(usbd_desc.o)
                0x080034d0                USBD_FS_ManufacturerStrDescriptor
 .text.USBD_HS_ProductStrDescriptor
                0x080034ec       0x1c ../../DaisyExamples/libDaisy//build/libdaisy.a(usbd_desc.o)
                0x080034ec                USBD_HS_ProductStrDescriptor
 .text.USBD_FS_ConfigStrDescriptor
                0x08003508       0x1c ../../DaisyExamples/libDaisy//build/libdaisy.a(usbd_desc.o)
                0x08003508                USBD_FS_ConfigStrDescriptor
 .text.USBD_FS_InterfaceStrDescriptor
                0x08003524       0x1c ../../DaisyExamples/libDaisy//build/libdaisy.a(usbd_desc.o)
                0x08003524                USBD_FS_InterfaceStrDescriptor
 .text.USBD_FS_ProductStrDescriptor
                0x08003540       0x1c ../../DaisyExamples/libDaisy//build/libdaisy.a(usbd_desc.o)
                0x08003540                USBD_FS_ProductStrDescriptor
 .text.USBD_HS_LangIDStrDescriptor
                0x0800355c        0xc ../../DaisyExamples/libDaisy//build/libdaisy.a(usbd_desc.o)
                0x0800355c                USBD_HS_LangIDStrDescriptor
 .text.USBD_HS_ManufacturerStrDescriptor
                0x08003568       0x1c ../../DaisyExamples/libDaisy//build/libdaisy.a(usbd_desc.o)
                0x08003568                USBD_HS_ManufacturerStrDescriptor
 .text.USBD_FS_SerialStrDescriptor
                0x08003584      0x154 ../../DaisyExamples/libDaisy//build/libdaisy.a(usbd_desc.o)
                0x08003584                USBD_FS_SerialStrDescriptor
 .text.USBD_HS_SerialStrDescriptor
                0x080036d8      0x154 ../../DaisyExamples/libDaisy//build/libdaisy.a(usbd_desc.o)
                0x080036d8                USBD_HS_SerialStrDescriptor
 .text.USBD_HS_InterfaceStrDescriptor
                0x0800382c       0x1c ../../DaisyExamples/libDaisy//build/libdaisy.a(usbd_desc.o)
                0x0800382c                USBD_HS_InterfaceStrDescriptor
 .text.USBD_HS_ConfigStrDescriptor
                0x08003848       0x1c ../../DaisyExamples/libDaisy//build/libdaisy.a(usbd_desc.o)
                0x08003848                USBD_HS_ConfigStrDescriptor
 .text.HAL_HCD_SOF_Callback
                0x08003864        0x8 ../../DaisyExamples/libDaisy//build/libdaisy.a(usbh_conf.o)
                0x08003864                HAL_HCD_SOF_Callback
 .text.HAL_HCD_Connect_Callback
                0x0800386c        0x8 ../../DaisyExamples/libDaisy//build/libdaisy.a(usbh_conf.o)
                0x0800386c                HAL_HCD_Connect_Callback
 .text.HAL_HCD_Disconnect_Callback
                0x08003874        0x8 ../../DaisyExamples/libDaisy//build/libdaisy.a(usbh_conf.o)
                0x08003874                HAL_HCD_Disconnect_Callback
 .text.HAL_HCD_HC_NotifyURBChange_Callback
                0x0800387c        0x4 ../../DaisyExamples/libDaisy//build/libdaisy.a(usbh_conf.o)
                0x0800387c                HAL_HCD_HC_NotifyURBChange_Callback
 .text.HAL_HCD_PortEnabled_Callback
                0x08003880        0x8 ../../DaisyExamples/libDaisy//build/libdaisy.a(usbh_conf.o)
                0x08003880                HAL_HCD_PortEnabled_Callback
 .text.HAL_HCD_PortDisabled_Callback
                0x08003888        0x8 ../../DaisyExamples/libDaisy//build/libdaisy.a(usbh_conf.o)
                0x08003888                HAL_HCD_PortDisabled_Callback
 .text.USBH_LL_Stop
                0x08003890       0x18 ../../DaisyExamples/libDaisy//build/libdaisy.a(usbh_conf.o)
                0x08003890                USBH_LL_Stop
 .text.dsy_hal_map_get_port
                0x080038a8       0x10 ../../DaisyExamples/libDaisy//build/libdaisy.a(hal_map.o)
                0x080038a8                dsy_hal_map_get_port
 .text.dsy_hal_map_get_pin
                0x080038b8       0x10 ../../DaisyExamples/libDaisy//build/libdaisy.a(hal_map.o)
                0x080038b8                dsy_hal_map_get_pin
 .text.dsy_hal_map_gpio_clk_enable
                0x080038c8      0x150 ../../DaisyExamples/libDaisy//build/libdaisy.a(hal_map.o)
                0x080038c8                dsy_hal_map_gpio_clk_enable
 .text.HAL_MspInit
                0x08003a18        0x4 ../../DaisyExamples/libDaisy//build/libdaisy.a(stm32h7xx_hal.o)
                0x08003a18                HAL_MspInit
 .text.HAL_InitTick
                0x08003a1c       0x4c ../../DaisyExamples/libDaisy//build/libdaisy.a(stm32h7xx_hal.o)
                0x08003a1c                HAL_InitTick
 .text.HAL_Init
                0x08003a68       0x60 ../../DaisyExamples/libDaisy//build/libdaisy.a(stm32h7xx_hal.o)
                0x08003a68                HAL_Init
 .text.HAL_IncTick
                0x08003ac8       0x18 ../../DaisyExamples/libDaisy//build/libdaisy.a(stm32h7xx_hal.o)
                0x08003ac8                HAL_IncTick
 .text.HAL_GetTick
                0x08003ae0        0xc ../../DaisyExamples/libDaisy//build/libdaisy.a(stm32h7xx_hal.o)
                0x08003ae0                HAL_GetTick
 .text.HAL_Delay
                0x08003aec       0x24 ../../DaisyExamples/libDaisy//build/libdaisy.a(stm32h7xx_hal.o)
                0x08003aec                HAL_Delay
 .text.HAL_GetREVID
                0x08003b10        0xc ../../DaisyExamples/libDaisy//build/libdaisy.a(stm32h7xx_hal.o)
                0x08003b10                HAL_GetREVID
 .text.HAL_ADC_ConvHalfCpltCallback
                0x08003b1c        0x4 ../../DaisyExamples/libDaisy//build/libdaisy.a(stm32h7xx_hal_adc.o)
                0x08003b1c                HAL_ADC_ConvHalfCpltCallback
 .text.ADC_DMAHalfConvCplt
                0x08003b20        0xc ../../DaisyExamples/libDaisy//build/libdaisy.a(stm32h7xx_hal_adc.o)
                0x08003b20                ADC_DMAHalfConvCplt
 .text.ADC_DMAConvCplt
                0x08003b2c       0x6c ../../DaisyExamples/libDaisy//build/libdaisy.a(stm32h7xx_hal_adc.o)
                0x08003b2c                ADC_DMAConvCplt
 .text.ADC_DMAError
                0x08003b98       0x1c ../../DaisyExamples/libDaisy//build/libdaisy.a(stm32h7xx_hal_adc.o)
                0x08003b98                ADC_DMAError
 .text.HAL_ADC_ConfigChannel
                0x08003bb4      0x390 ../../DaisyExamples/libDaisy//build/libdaisy.a(stm32h7xx_hal_adc.o)
                0x08003bb4                HAL_ADC_ConfigChannel
 .text.ADC_Enable
                0x08003f44       0xb0 ../../DaisyExamples/libDaisy//build/libdaisy.a(stm32h7xx_hal_adc.o)
                0x08003f44                ADC_Enable
 .text.HAL_ADC_Start_DMA
                0x08003ff4      0x108 ../../DaisyExamples/libDaisy//build/libdaisy.a(stm32h7xx_hal_adc.o)
                0x08003ff4                HAL_ADC_Start_DMA
 .text.ADC_Disable
                0x080040fc       0x64 ../../DaisyExamples/libDaisy//build/libdaisy.a(stm32h7xx_hal_adc.o)
                0x080040fc                ADC_Disable
 .text.ADC_ConfigureBoostMode
                0x08004160      0x17c ../../DaisyExamples/libDaisy//build/libdaisy.a(stm32h7xx_hal_adc.o)
                0x08004160                ADC_ConfigureBoostMode
 .text.HAL_ADC_Init
                0x080042dc      0x214 ../../DaisyExamples/libDaisy//build/libdaisy.a(stm32h7xx_hal_adc.o)
                0x080042dc                HAL_ADC_Init
 .text.HAL_ADCEx_Calibration_Start
                0x080044f0       0xa4 ../../DaisyExamples/libDaisy//build/libdaisy.a(stm32h7xx_hal_adc_ex.o)
                0x080044f0                HAL_ADCEx_Calibration_Start
 .text.HAL_ADCEx_MultiModeConfigChannel
                0x08004594       0xb4 ../../DaisyExamples/libDaisy//build/libdaisy.a(stm32h7xx_hal_adc_ex.o)
                0x08004594                HAL_ADCEx_MultiModeConfigChannel
 .text.HAL_NVIC_SetPriorityGrouping
                0x08004648       0x24 ../../DaisyExamples/libDaisy//build/libdaisy.a(stm32h7xx_hal_cortex.o)
                0x08004648                HAL_NVIC_SetPriorityGrouping
 .text.HAL_NVIC_SetPriority
                0x0800466c       0x78 ../../DaisyExamples/libDaisy//build/libdaisy.a(stm32h7xx_hal_cortex.o)
                0x0800466c                HAL_NVIC_SetPriority
 .text.HAL_NVIC_EnableIRQ
                0x080046e4       0x1c ../../DaisyExamples/libDaisy//build/libdaisy.a(stm32h7xx_hal_cortex.o)
                0x080046e4                HAL_NVIC_EnableIRQ
 .text.HAL_NVIC_DisableIRQ
                0x08004700       0x24 ../../DaisyExamples/libDaisy//build/libdaisy.a(stm32h7xx_hal_cortex.o)
                0x08004700                HAL_NVIC_DisableIRQ
 .text.HAL_SYSTICK_Config
                0x08004724       0x2c ../../DaisyExamples/libDaisy//build/libdaisy.a(stm32h7xx_hal_cortex.o)
                0x08004724                HAL_SYSTICK_Config
 .text.HAL_MPU_Disable
                0x08004750       0x1c ../../DaisyExamples/libDaisy//build/libdaisy.a(stm32h7xx_hal_cortex.o)
                0x08004750                HAL_MPU_Disable
 .text.HAL_MPU_Enable
                0x0800476c       0x20 ../../DaisyExamples/libDaisy//build/libdaisy.a(stm32h7xx_hal_cortex.o)
                0x0800476c                HAL_MPU_Enable
 .text.HAL_MPU_ConfigRegion
                0x0800478c       0x64 ../../DaisyExamples/libDaisy//build/libdaisy.a(stm32h7xx_hal_cortex.o)
                0x0800478c                HAL_MPU_ConfigRegion
 .text.HAL_SYSTICK_Callback
                0x080047f0        0x4 ../../DaisyExamples/libDaisy//build/libdaisy.a(stm32h7xx_hal_cortex.o)
                0x080047f0                HAL_SYSTICK_Callback
 .text.HAL_SYSTICK_IRQHandler
                0x080047f4        0x8 ../../DaisyExamples/libDaisy//build/libdaisy.a(stm32h7xx_hal_cortex.o)
                0x080047f4                HAL_SYSTICK_IRQHandler
 .text.HAL_DAC_Init
                0x080047fc       0x2c ../../DaisyExamples/libDaisy//build/libdaisy.a(stm32h7xx_hal_dac.o)
                0x080047fc                HAL_DAC_Init
 .text.HAL_DAC_Start
                0x08004828       0x5c ../../DaisyExamples/libDaisy//build/libdaisy.a(stm32h7xx_hal_dac.o)
                0x08004828                HAL_DAC_Start
 .text.HAL_DAC_SetValue
                0x08004884       0x30 ../../DaisyExamples/libDaisy//build/libdaisy.a(stm32h7xx_hal_dac.o)
                0x08004884                HAL_DAC_SetValue
 .text.HAL_DAC_DMAUnderrunCallbackCh1
                0x080048b4        0x4 ../../DaisyExamples/libDaisy//build/libdaisy.a(stm32h7xx_hal_dac.o)
                0x080048b4                HAL_DAC_DMAUnderrunCallbackCh1
 .text.HAL_DAC_IRQHandler
                0x080048b8       0x68 ../../DaisyExamples/libDaisy//build/libdaisy.a(stm32h7xx_hal_dac.o)
                0x080048b8                HAL_DAC_IRQHandler
 .text.HAL_DAC_ConfigChannel
                0x08004920      0x128 ../../DaisyExamples/libDaisy//build/libdaisy.a(stm32h7xx_hal_dac.o)
                0x08004920                HAL_DAC_ConfigChannel
 .text.HAL_DACEx_DMAUnderrunCallbackCh2
                0x08004a48        0x4 ../../DaisyExamples/libDaisy//build/libdaisy.a(stm32h7xx_hal_dac_ex.o)
                0x08004a48                HAL_DACEx_DMAUnderrunCallbackCh2
 .text.DMA_CalcBaseAndBitshift
                0x08004a4c      0x100 ../../DaisyExamples/libDaisy//build/libdaisy.a(stm32h7xx_hal_dma.o)
 .text.DMA_CalcDMAMUXChannelBaseAndMask
                0x08004b4c       0xd4 ../../DaisyExamples/libDaisy//build/libdaisy.a(stm32h7xx_hal_dma.o)
 .text.HAL_DMA_Init
                0x08004c20      0x368 ../../DaisyExamples/libDaisy//build/libdaisy.a(stm32h7xx_hal_dma.o)
                0x08004c20                HAL_DMA_Init
 .text.HAL_DMA_Start_IT
                0x08004f88      0x288 ../../DaisyExamples/libDaisy//build/libdaisy.a(stm32h7xx_hal_dma.o)
                0x08004f88                HAL_DMA_Start_IT
 .text.HAL_DMA_Abort_IT
                0x08005210      0x134 ../../DaisyExamples/libDaisy//build/libdaisy.a(stm32h7xx_hal_dma.o)
                0x08005210                HAL_DMA_Abort_IT
 .text.HAL_DMA_IRQHandler
                0x08005344      0x424 ../../DaisyExamples/libDaisy//build/libdaisy.a(stm32h7xx_hal_dma.o)
                0x08005344                HAL_DMA_IRQHandler
 .text.HAL_DMA_GetError
                0x08005768        0x4 ../../DaisyExamples/libDaisy//build/libdaisy.a(stm32h7xx_hal_dma.o)
                0x08005768                HAL_DMA_GetError
 .text.HAL_GPIO_Init
                0x0800576c      0x41c ../../DaisyExamples/libDaisy//build/libdaisy.a(stm32h7xx_hal_gpio.o)
                0x0800576c                HAL_GPIO_Init
 .text.HAL_GPIO_DeInit
                0x08005b88      0x258 ../../DaisyExamples/libDaisy//build/libdaisy.a(stm32h7xx_hal_gpio.o)
                0x08005b88                HAL_GPIO_DeInit
 .text.HAL_GPIO_ReadPin
                0x08005de0        0xc ../../DaisyExamples/libDaisy//build/libdaisy.a(stm32h7xx_hal_gpio.o)
                0x08005de0                HAL_GPIO_ReadPin
 .text.HAL_GPIO_WritePin
                0x08005dec        0x8 ../../DaisyExamples/libDaisy//build/libdaisy.a(stm32h7xx_hal_gpio.o)
                0x08005dec                HAL_GPIO_WritePin
 .text.HAL_HCD_IRQHandler
                0x08005df4      0x764 ../../DaisyExamples/libDaisy//build/libdaisy.a(stm32h7xx_hal_hcd.o)
                0x08005df4                HAL_HCD_IRQHandler
 .text.HAL_HCD_Stop
                0x08006558       0x28 ../../DaisyExamples/libDaisy//build/libdaisy.a(stm32h7xx_hal_hcd.o)
                0x08006558                HAL_HCD_Stop
 .text.I2C_WaitOnTXISFlagUntilTimeout
                0x08006580       0xbc ../../DaisyExamples/libDaisy//build/libdaisy.a(stm32h7xx_hal_i2c.o)
 .text.I2C_WaitOnSTOPFlagUntilTimeout
                0x0800663c       0xa8 ../../DaisyExamples/libDaisy//build/libdaisy.a(stm32h7xx_hal_i2c.o)
 .text.HAL_I2C_Init
                0x080066e4       0xac ../../DaisyExamples/libDaisy//build/libdaisy.a(stm32h7xx_hal_i2c.o)
                0x080066e4                HAL_I2C_Init
 .text.HAL_I2C_Master_Transmit
                0x08006790      0x198 ../../DaisyExamples/libDaisy//build/libdaisy.a(stm32h7xx_hal_i2c.o)
                0x08006790                HAL_I2C_Master_Transmit
 .text.HAL_I2C_Slave_Transmit
                0x08006928      0x1cc ../../DaisyExamples/libDaisy//build/libdaisy.a(stm32h7xx_hal_i2c.o)
                0x08006928                HAL_I2C_Slave_Transmit
 .text.HAL_I2C_EV_IRQHandler
                0x08006af4       0x10 ../../DaisyExamples/libDaisy//build/libdaisy.a(stm32h7xx_hal_i2c.o)
                0x08006af4                HAL_I2C_EV_IRQHandler
 .text.HAL_I2C_GetState
                0x08006b04        0x8 ../../DaisyExamples/libDaisy//build/libdaisy.a(stm32h7xx_hal_i2c.o)
                0x08006b04                HAL_I2C_GetState
 .text.HAL_I2CEx_ConfigAnalogFilter
                0x08006b0c       0x54 ../../DaisyExamples/libDaisy//build/libdaisy.a(stm32h7xx_hal_i2c_ex.o)
                0x08006b0c                HAL_I2CEx_ConfigAnalogFilter
 .text.HAL_I2CEx_ConfigDigitalFilter
                0x08006b60       0x58 ../../DaisyExamples/libDaisy//build/libdaisy.a(stm32h7xx_hal_i2c_ex.o)
                0x08006b60                HAL_I2CEx_ConfigDigitalFilter
 .text.HAL_PCD_Init
                0x08006bb8      0x120 ../../DaisyExamples/libDaisy//build/libdaisy.a(stm32h7xx_hal_pcd.o)
                0x08006bb8                HAL_PCD_Init
 .text.HAL_PCD_Start
                0x08006cd8       0x44 ../../DaisyExamples/libDaisy//build/libdaisy.a(stm32h7xx_hal_pcd.o)
                0x08006cd8                HAL_PCD_Start
 .text.HAL_PCD_IRQHandler
                0x08006d1c      0x6c4 ../../DaisyExamples/libDaisy//build/libdaisy.a(stm32h7xx_hal_pcd.o)
                0x08006d1c                HAL_PCD_IRQHandler
 .text.HAL_PCD_SetAddress
                0x080073e0       0x2c ../../DaisyExamples/libDaisy//build/libdaisy.a(stm32h7xx_hal_pcd.o)
                0x080073e0                HAL_PCD_SetAddress
 .text.HAL_PCD_EP_Open
                0x0800740c       0x7c ../../DaisyExamples/libDaisy//build/libdaisy.a(stm32h7xx_hal_pcd.o)
                0x0800740c                HAL_PCD_EP_Open
 .text.HAL_PCD_EP_Close
                0x08007488       0x70 ../../DaisyExamples/libDaisy//build/libdaisy.a(stm32h7xx_hal_pcd.o)
                0x08007488                HAL_PCD_EP_Close
 .text.HAL_PCD_EP_Receive
                0x080074f8       0x50 ../../DaisyExamples/libDaisy//build/libdaisy.a(stm32h7xx_hal_pcd.o)
                0x080074f8                HAL_PCD_EP_Receive
 .text.HAL_PCD_EP_GetRxCount
                0x08007548       0x14 ../../DaisyExamples/libDaisy//build/libdaisy.a(stm32h7xx_hal_pcd.o)
                0x08007548                HAL_PCD_EP_GetRxCount
 .text.HAL_PCD_EP_Transmit
                0x0800755c       0x50 ../../DaisyExamples/libDaisy//build/libdaisy.a(stm32h7xx_hal_pcd.o)
                0x0800755c                HAL_PCD_EP_Transmit
 .text.HAL_PCD_EP_SetStall
                0x080075ac       0x88 ../../DaisyExamples/libDaisy//build/libdaisy.a(stm32h7xx_hal_pcd.o)
                0x080075ac                HAL_PCD_EP_SetStall
 .text.HAL_PCD_EP_ClrStall
                0x08007634       0x78 ../../DaisyExamples/libDaisy//build/libdaisy.a(stm32h7xx_hal_pcd.o)
                0x08007634                HAL_PCD_EP_ClrStall
 .text.HAL_PCDEx_SetTxFiFo
                0x080076ac      0x104 ../../DaisyExamples/libDaisy//build/libdaisy.a(stm32h7xx_hal_pcd_ex.o)
                0x080076ac                HAL_PCDEx_SetTxFiFo
 .text.HAL_PCDEx_SetRxFiFo
                0x080077b0        0xc ../../DaisyExamples/libDaisy//build/libdaisy.a(stm32h7xx_hal_pcd_ex.o)
                0x080077b0                HAL_PCDEx_SetRxFiFo
 .text.HAL_PCDEx_ActivateLPM
                0x080077bc       0x30 ../../DaisyExamples/libDaisy//build/libdaisy.a(stm32h7xx_hal_pcd_ex.o)
                0x080077bc                HAL_PCDEx_ActivateLPM
 .text.HAL_PCDEx_LPM_Callback
                0x080077ec        0x4 ../../DaisyExamples/libDaisy//build/libdaisy.a(stm32h7xx_hal_pcd_ex.o)
                0x080077ec                HAL_PCDEx_LPM_Callback
 .text.HAL_PWREx_ConfigSupply
                0x080077f0       0x4c ../../DaisyExamples/libDaisy//build/libdaisy.a(stm32h7xx_hal_pwr_ex.o)
                0x080077f0                HAL_PWREx_ConfigSupply
 .text.HAL_PWREx_EnableUSBVoltageDetector
                0x0800783c       0x10 ../../DaisyExamples/libDaisy//build/libdaisy.a(stm32h7xx_hal_pwr_ex.o)
                0x0800783c                HAL_PWREx_EnableUSBVoltageDetector
 .text.QSPI_Config
                0x0800784c      0x188 ../../DaisyExamples/libDaisy//build/libdaisy.a(stm32h7xx_hal_qspi.o)
 .text.HAL_QSPI_Init
                0x080079d4       0xdc ../../DaisyExamples/libDaisy//build/libdaisy.a(stm32h7xx_hal_qspi.o)
                0x080079d4                HAL_QSPI_Init
 .text.HAL_QSPI_DeInit
                0x08007ab0       0x3c ../../DaisyExamples/libDaisy//build/libdaisy.a(stm32h7xx_hal_qspi.o)
                0x08007ab0                HAL_QSPI_DeInit
 .text.HAL_QSPI_Command
                0x08007aec       0xdc ../../DaisyExamples/libDaisy//build/libdaisy.a(stm32h7xx_hal_qspi.o)
                0x08007aec                HAL_QSPI_Command
 .text.HAL_QSPI_Transmit
                0x08007bc8      0x11c ../../DaisyExamples/libDaisy//build/libdaisy.a(stm32h7xx_hal_qspi.o)
                0x08007bc8                HAL_QSPI_Transmit
 .text.HAL_QSPI_Receive
                0x08007ce4      0x128 ../../DaisyExamples/libDaisy//build/libdaisy.a(stm32h7xx_hal_qspi.o)
                0x08007ce4                HAL_QSPI_Receive
 .text.HAL_QSPI_AutoPolling
                0x08007e0c      0x11c ../../DaisyExamples/libDaisy//build/libdaisy.a(stm32h7xx_hal_qspi.o)
                0x08007e0c                HAL_QSPI_AutoPolling
 .text.HAL_QSPI_MemoryMapped
                0x08007f28       0xc4 ../../DaisyExamples/libDaisy//build/libdaisy.a(stm32h7xx_hal_qspi.o)
                0x08007f28                HAL_QSPI_MemoryMapped
 .text.HAL_QSPI_ErrorCallback
                0x08007fec        0x4 ../../DaisyExamples/libDaisy//build/libdaisy.a(stm32h7xx_hal_qspi.o)
                0x08007fec                HAL_QSPI_ErrorCallback
 .text.QSPI_DMAAbortCplt
                0x08007ff0       0x38 ../../DaisyExamples/libDaisy//build/libdaisy.a(stm32h7xx_hal_qspi.o)
 .text.HAL_QSPI_AbortCpltCallback
                0x08008028        0x4 ../../DaisyExamples/libDaisy//build/libdaisy.a(stm32h7xx_hal_qspi.o)
                0x08008028                HAL_QSPI_AbortCpltCallback
 .text.HAL_QSPI_CmdCpltCallback
                0x0800802c        0x4 ../../DaisyExamples/libDaisy//build/libdaisy.a(stm32h7xx_hal_qspi.o)
                0x0800802c                HAL_QSPI_CmdCpltCallback
 .text.HAL_QSPI_RxCpltCallback
                0x08008030        0x4 ../../DaisyExamples/libDaisy//build/libdaisy.a(stm32h7xx_hal_qspi.o)
                0x08008030                HAL_QSPI_RxCpltCallback
 .text.HAL_QSPI_TxCpltCallback
                0x08008034        0x4 ../../DaisyExamples/libDaisy//build/libdaisy.a(stm32h7xx_hal_qspi.o)
                0x08008034                HAL_QSPI_TxCpltCallback
 .text.HAL_QSPI_FifoThresholdCallback
                0x08008038        0x4 ../../DaisyExamples/libDaisy//build/libdaisy.a(stm32h7xx_hal_qspi.o)
                0x08008038                HAL_QSPI_FifoThresholdCallback
 .text.HAL_QSPI_StatusMatchCallback
                0x0800803c        0x4 ../../DaisyExamples/libDaisy//build/libdaisy.a(stm32h7xx_hal_qspi.o)
                0x0800803c                HAL_QSPI_StatusMatchCallback
 .text.HAL_QSPI_TimeOutCallback
                0x08008040        0x4 ../../DaisyExamples/libDaisy//build/libdaisy.a(stm32h7xx_hal_qspi.o)
                0x08008040                HAL_QSPI_TimeOutCallback
 .text.HAL_QSPI_IRQHandler
                0x08008044      0x210 ../../DaisyExamples/libDaisy//build/libdaisy.a(stm32h7xx_hal_qspi.o)
                0x08008044                HAL_QSPI_IRQHandler
 .text.HAL_RCC_OscConfig
                0x08008254      0x518 ../../DaisyExamples/libDaisy//build/libdaisy.a(stm32h7xx_hal_rcc.o)
                0x08008254                HAL_RCC_OscConfig
 .text.HAL_RCC_GetSysClockFreq
                0x0800876c      0x11c ../../DaisyExamples/libDaisy//build/libdaisy.a(stm32h7xx_hal_rcc.o)
                0x0800876c                HAL_RCC_GetSysClockFreq
 .text.HAL_RCC_ClockConfig
                0x08008888      0x238 ../../DaisyExamples/libDaisy//build/libdaisy.a(stm32h7xx_hal_rcc.o)
                0x08008888                HAL_RCC_ClockConfig
 .text.HAL_RCC_GetHCLKFreq
                0x08008ac0       0x2c ../../DaisyExamples/libDaisy//build/libdaisy.a(stm32h7xx_hal_rcc.o)
                0x08008ac0                HAL_RCC_GetHCLKFreq
 .text.HAL_RCC_GetPCLK1Freq
                0x08008aec       0x38 ../../DaisyExamples/libDaisy//build/libdaisy.a(stm32h7xx_hal_rcc.o)
                0x08008aec                HAL_RCC_GetPCLK1Freq
 .text.HAL_RCC_GetPCLK2Freq
                0x08008b24       0x38 ../../DaisyExamples/libDaisy//build/libdaisy.a(stm32h7xx_hal_rcc.o)
                0x08008b24                HAL_RCC_GetPCLK2Freq
 .text.RCCEx_PLL2_Config.part.0
                0x08008b5c       0xe0 ../../DaisyExamples/libDaisy//build/libdaisy.a(stm32h7xx_hal_rcc_ex.o)
 .text.RCCEx_PLL3_Config.part.0
                0x08008c3c       0xe0 ../../DaisyExamples/libDaisy//build/libdaisy.a(stm32h7xx_hal_rcc_ex.o)
 .text.HAL_RCCEx_PeriphCLKConfig
                0x08008d1c      0xcc4 ../../DaisyExamples/libDaisy//build/libdaisy.a(stm32h7xx_hal_rcc_ex.o)
                0x08008d1c                HAL_RCCEx_PeriphCLKConfig
 .text.HAL_RCCEx_GetD3PCLK1Freq
                0x080099e0       0x24 ../../DaisyExamples/libDaisy//build/libdaisy.a(stm32h7xx_hal_rcc_ex.o)
                0x080099e0                HAL_RCCEx_GetD3PCLK1Freq
 .text.HAL_RCCEx_GetPLL2ClockFreq
                0x08009a04      0x134 ../../DaisyExamples/libDaisy//build/libdaisy.a(stm32h7xx_hal_rcc_ex.o)
                0x08009a04                HAL_RCCEx_GetPLL2ClockFreq
 .text.HAL_RCCEx_GetPLL3ClockFreq
                0x08009b38      0x134 ../../DaisyExamples/libDaisy//build/libdaisy.a(stm32h7xx_hal_rcc_ex.o)
                0x08009b38                HAL_RCCEx_GetPLL3ClockFreq
 .text.HAL_RCCEx_GetPLL1ClockFreq
                0x08009c6c      0x134 ../../DaisyExamples/libDaisy//build/libdaisy.a(stm32h7xx_hal_rcc_ex.o)
                0x08009c6c                HAL_RCCEx_GetPLL1ClockFreq
 .text.HAL_RCCEx_GetPeriphCLKFreq
                0x08009da0      0x150 ../../DaisyExamples/libDaisy//build/libdaisy.a(stm32h7xx_hal_rcc_ex.o)
                0x08009da0                HAL_RCCEx_GetPeriphCLKFreq
 .text.HAL_RCCEx_GetD1SysClockFreq
                0x08009ef0       0x2c ../../DaisyExamples/libDaisy//build/libdaisy.a(stm32h7xx_hal_rcc_ex.o)
                0x08009ef0                HAL_RCCEx_GetD1SysClockFreq
 .text.HAL_SAI_Init
                0x08009f1c      0x380 ../../DaisyExamples/libDaisy//build/libdaisy.a(stm32h7xx_hal_sai.o)
                0x08009f1c                HAL_SAI_Init
 .text.HAL_SAI_InitProtocol
                0x0800a29c      0x15c ../../DaisyExamples/libDaisy//build/libdaisy.a(stm32h7xx_hal_sai.o)
                0x0800a29c                HAL_SAI_InitProtocol
 .text.HAL_SDRAM_Init
                0x0800a3f8       0x54 ../../DaisyExamples/libDaisy//build/libdaisy.a(stm32h7xx_hal_sdram.o)
                0x0800a3f8                HAL_SDRAM_Init
 .text.HAL_SDRAM_SendCommand
                0x0800a44c       0x40 ../../DaisyExamples/libDaisy//build/libdaisy.a(stm32h7xx_hal_sdram.o)
                0x0800a44c                HAL_SDRAM_SendCommand
 .text.HAL_SDRAM_ProgramRefreshRate
                0x0800a48c       0x30 ../../DaisyExamples/libDaisy//build/libdaisy.a(stm32h7xx_hal_sdram.o)
                0x0800a48c                HAL_SDRAM_ProgramRefreshRate
 .text.HAL_TIM_Base_Init
                0x0800a4bc      0x114 ../../DaisyExamples/libDaisy//build/libdaisy.a(stm32h7xx_hal_tim.o)
                0x0800a4bc                HAL_TIM_Base_Init
 .text.HAL_TIM_Base_Start
                0x0800a5d0       0x34 ../../DaisyExamples/libDaisy//build/libdaisy.a(stm32h7xx_hal_tim.o)
                0x0800a5d0                HAL_TIM_Base_Start
 .text.HAL_TIM_Base_Start_IT
                0x0800a604       0x2c ../../DaisyExamples/libDaisy//build/libdaisy.a(stm32h7xx_hal_tim.o)
                0x0800a604                HAL_TIM_Base_Start_IT
 .text.HAL_TIM_ConfigClockSource
                0x0800a630      0x17c ../../DaisyExamples/libDaisy//build/libdaisy.a(stm32h7xx_hal_tim.o)
                0x0800a630                HAL_TIM_ConfigClockSource
 .text.HAL_TIM_OC_DelayElapsedCallback
                0x0800a7ac        0x4 ../../DaisyExamples/libDaisy//build/libdaisy.a(stm32h7xx_hal_tim.o)
                0x0800a7ac                HAL_TIM_OC_DelayElapsedCallback
 .text.HAL_TIM_IC_CaptureCallback
                0x0800a7b0        0x4 ../../DaisyExamples/libDaisy//build/libdaisy.a(stm32h7xx_hal_tim.o)
                0x0800a7b0                HAL_TIM_IC_CaptureCallback
 .text.HAL_TIM_PWM_PulseFinishedCallback
                0x0800a7b4        0x4 ../../DaisyExamples/libDaisy//build/libdaisy.a(stm32h7xx_hal_tim.o)
                0x0800a7b4                HAL_TIM_PWM_PulseFinishedCallback
 .text.HAL_TIM_TriggerCallback
                0x0800a7b8        0x4 ../../DaisyExamples/libDaisy//build/libdaisy.a(stm32h7xx_hal_tim.o)
                0x0800a7b8                HAL_TIM_TriggerCallback
 .text.HAL_TIM_IRQHandler
                0x0800a7bc      0x170 ../../DaisyExamples/libDaisy//build/libdaisy.a(stm32h7xx_hal_tim.o)
                0x0800a7bc                HAL_TIM_IRQHandler
 .text.HAL_TIMEx_MasterConfigSynchronization
                0x0800a92c       0x64 ../../DaisyExamples/libDaisy//build/libdaisy.a(stm32h7xx_hal_tim_ex.o)
                0x0800a92c                HAL_TIMEx_MasterConfigSynchronization
 .text.HAL_TIMEx_CommutCallback
                0x0800a990        0x4 ../../DaisyExamples/libDaisy//build/libdaisy.a(stm32h7xx_hal_tim_ex.o)
                0x0800a990                HAL_TIMEx_CommutCallback
 .text.HAL_TIMEx_BreakCallback
                0x0800a994        0x4 ../../DaisyExamples/libDaisy//build/libdaisy.a(stm32h7xx_hal_tim_ex.o)
                0x0800a994                HAL_TIMEx_BreakCallback
 .text.HAL_TIMEx_Break2Callback
                0x0800a998        0x4 ../../DaisyExamples/libDaisy//build/libdaisy.a(stm32h7xx_hal_tim_ex.o)
                0x0800a998                HAL_TIMEx_Break2Callback
 .text.FMC_SDRAM_Init
                0x0800a99c       0x6c ../../DaisyExamples/libDaisy//build/libdaisy.a(stm32h7xx_ll_fmc.o)
                0x0800a99c                FMC_SDRAM_Init
 .text.FMC_SDRAM_Timing_Init
                0x0800aa08       0x7c ../../DaisyExamples/libDaisy//build/libdaisy.a(stm32h7xx_ll_fmc.o)
                0x0800aa08                FMC_SDRAM_Timing_Init
 .text.FMC_SDRAM_SendCommand
                0x0800aa84       0x28 ../../DaisyExamples/libDaisy//build/libdaisy.a(stm32h7xx_ll_fmc.o)
                0x0800aa84                FMC_SDRAM_SendCommand
 .text.FMC_SDRAM_ProgramRefreshRate
                0x0800aaac       0x14 ../../DaisyExamples/libDaisy//build/libdaisy.a(stm32h7xx_ll_fmc.o)
                0x0800aaac                FMC_SDRAM_ProgramRefreshRate
 .text.USB_CoreInit
                0x0800aac0      0x124 ../../DaisyExamples/libDaisy//build/libdaisy.a(stm32h7xx_ll_usb.o)
                0x0800aac0                USB_CoreInit
 .text.USB_SetTurnaroundTime
                0x0800abe4      0x104 ../../DaisyExamples/libDaisy//build/libdaisy.a(stm32h7xx_ll_usb.o)
                0x0800abe4                USB_SetTurnaroundTime
 .text.USB_EnableGlobalInt
                0x0800ace8       0x10 ../../DaisyExamples/libDaisy//build/libdaisy.a(stm32h7xx_ll_usb.o)
                0x0800ace8                USB_EnableGlobalInt
 .text.USB_DisableGlobalInt
                0x0800acf8       0x10 ../../DaisyExamples/libDaisy//build/libdaisy.a(stm32h7xx_ll_usb.o)
                0x0800acf8                USB_DisableGlobalInt
 .text.USB_SetCurrentMode
                0x0800ad08       0x30 ../../DaisyExamples/libDaisy//build/libdaisy.a(stm32h7xx_ll_usb.o)
                0x0800ad08                USB_SetCurrentMode
 .text.USB_DevInit
                0x0800ad38      0x224 ../../DaisyExamples/libDaisy//build/libdaisy.a(stm32h7xx_ll_usb.o)
                0x0800ad38                USB_DevInit
 .text.USB_FlushTxFifo
                0x0800af5c       0x34 ../../DaisyExamples/libDaisy//build/libdaisy.a(stm32h7xx_ll_usb.o)
                0x0800af5c                USB_FlushTxFifo
 .text.USB_GetDevSpeed
                0x0800af90       0x24 ../../DaisyExamples/libDaisy//build/libdaisy.a(stm32h7xx_ll_usb.o)
                0x0800af90                USB_GetDevSpeed
 .text.USB_ActivateEndpoint
                0x0800afb4       0x8c ../../DaisyExamples/libDaisy//build/libdaisy.a(stm32h7xx_ll_usb.o)
                0x0800afb4                USB_ActivateEndpoint
 .text.USB_DeactivateEndpoint
                0x0800b040       0x6c ../../DaisyExamples/libDaisy//build/libdaisy.a(stm32h7xx_ll_usb.o)
                0x0800b040                USB_DeactivateEndpoint
 .text.USB_EPStartXfer
                0x0800b0ac      0x214 ../../DaisyExamples/libDaisy//build/libdaisy.a(stm32h7xx_ll_usb.o)
                0x0800b0ac                USB_EPStartXfer
 .text.USB_EP0StartXfer
                0x0800b2c0       0xf8 ../../DaisyExamples/libDaisy//build/libdaisy.a(stm32h7xx_ll_usb.o)
                0x0800b2c0                USB_EP0StartXfer
 .text.USB_WritePacket
                0x0800b3b8       0x2c ../../DaisyExamples/libDaisy//build/libdaisy.a(stm32h7xx_ll_usb.o)
                0x0800b3b8                USB_WritePacket
 .text.USB_ReadPacket
                0x0800b3e4       0x20 ../../DaisyExamples/libDaisy//build/libdaisy.a(stm32h7xx_ll_usb.o)
                0x0800b3e4                USB_ReadPacket
 .text.USB_EPSetStall
                0x0800b404       0x70 ../../DaisyExamples/libDaisy//build/libdaisy.a(stm32h7xx_ll_usb.o)
                0x0800b404                USB_EPSetStall
 .text.USB_EPClearStall
                0x0800b474       0x58 ../../DaisyExamples/libDaisy//build/libdaisy.a(stm32h7xx_ll_usb.o)
                0x0800b474                USB_EPClearStall
 .text.USB_SetDevAddress
                0x0800b4cc       0x24 ../../DaisyExamples/libDaisy//build/libdaisy.a(stm32h7xx_ll_usb.o)
                0x0800b4cc                USB_SetDevAddress
 .text.USB_DevConnect
                0x0800b4f0       0x1c ../../DaisyExamples/libDaisy//build/libdaisy.a(stm32h7xx_ll_usb.o)
                0x0800b4f0                USB_DevConnect
 .text.USB_DevDisconnect
                0x0800b50c       0x1c ../../DaisyExamples/libDaisy//build/libdaisy.a(stm32h7xx_ll_usb.o)
                0x0800b50c                USB_DevDisconnect
 .text.USB_ReadInterrupts
                0x0800b528       0x14 ../../DaisyExamples/libDaisy//build/libdaisy.a(stm32h7xx_ll_usb.o)
                0x0800b528                USB_ReadInterrupts
 .text.USB_ReadDevAllOutEpInterrupt
                0x0800b53c       0x1c ../../DaisyExamples/libDaisy//build/libdaisy.a(stm32h7xx_ll_usb.o)
                0x0800b53c                USB_ReadDevAllOutEpInterrupt
 .text.USB_ReadDevAllInEpInterrupt
                0x0800b558       0x1c ../../DaisyExamples/libDaisy//build/libdaisy.a(stm32h7xx_ll_usb.o)
                0x0800b558                USB_ReadDevAllInEpInterrupt
 .text.USB_ReadDevOutEPInterrupt
                0x0800b574       0x1c ../../DaisyExamples/libDaisy//build/libdaisy.a(stm32h7xx_ll_usb.o)
                0x0800b574                USB_ReadDevOutEPInterrupt
 .text.USB_ReadDevInEPInterrupt
                0x0800b590       0x38 ../../DaisyExamples/libDaisy//build/libdaisy.a(stm32h7xx_ll_usb.o)
                0x0800b590                USB_ReadDevInEPInterrupt
 .text.USB_GetMode
                0x0800b5c8        0x8 ../../DaisyExamples/libDaisy//build/libdaisy.a(stm32h7xx_ll_usb.o)
                0x0800b5c8                USB_GetMode
 .text.USB_ActivateSetup
                0x0800b5d0       0x34 ../../DaisyExamples/libDaisy//build/libdaisy.a(stm32h7xx_ll_usb.o)
                0x0800b5d0                USB_ActivateSetup
 .text.USB_EP0_OutStart
                0x0800b604       0x50 ../../DaisyExamples/libDaisy//build/libdaisy.a(stm32h7xx_ll_usb.o)
                0x0800b604                USB_EP0_OutStart
 .text.USB_InitFSLSPClkSel
                0x0800b654       0x44 ../../DaisyExamples/libDaisy//build/libdaisy.a(stm32h7xx_ll_usb.o)
                0x0800b654                USB_InitFSLSPClkSel
 .text.USB_HC_ReadInterrupt
                0x0800b698        0x8 ../../DaisyExamples/libDaisy//build/libdaisy.a(stm32h7xx_ll_usb.o)
                0x0800b698                USB_HC_ReadInterrupt
 .text.USB_HC_Halt
                0x0800b6a0       0xc0 ../../DaisyExamples/libDaisy//build/libdaisy.a(stm32h7xx_ll_usb.o)
                0x0800b6a0                USB_HC_Halt
 .text.USB_StopHost
                0x0800b760      0x2ec ../../DaisyExamples/libDaisy//build/libdaisy.a(stm32h7xx_ll_usb.o)
                0x0800b760                USB_StopHost
 .text.USBD_CDC_EP0_RxReady
                0x0800ba4c       0x2c ../../DaisyExamples/libDaisy//build/libdaisy.a(usbd_cdc.o)
 .text.USBD_CDC_GetFSCfgDesc
                0x0800ba78       0x24 ../../DaisyExamples/libDaisy//build/libdaisy.a(usbd_cdc.o)
 .text.USBD_CDC_GetHSCfgDesc
                0x0800ba9c       0x24 ../../DaisyExamples/libDaisy//build/libdaisy.a(usbd_cdc.o)
 .text.USBD_CDC_GetOtherSpeedCfgDesc
                0x0800bac0       0x24 ../../DaisyExamples/libDaisy//build/libdaisy.a(usbd_cdc.o)
 .text.USBD_CDC_GetDeviceQualifierDescriptor
                0x0800bae4       0x10 ../../DaisyExamples/libDaisy//build/libdaisy.a(usbd_cdc.o)
                0x0800bae4                USBD_CDC_GetDeviceQualifierDescriptor
 .text.USBD_CDC_DataOut
                0x0800baf4       0x30 ../../DaisyExamples/libDaisy//build/libdaisy.a(usbd_cdc.o)
 .text.USBD_CDC_DataIn
                0x0800bb24       0x4c ../../DaisyExamples/libDaisy//build/libdaisy.a(usbd_cdc.o)
 .text.USBD_CDC_Setup
                0x0800bb70       0xb4 ../../DaisyExamples/libDaisy//build/libdaisy.a(usbd_cdc.o)
 .text.USBD_CDC_DeInit
                0x0800bc24       0x44 ../../DaisyExamples/libDaisy//build/libdaisy.a(usbd_cdc.o)
 .text.USBD_CDC_Init
                0x0800bc68       0xa0 ../../DaisyExamples/libDaisy//build/libdaisy.a(usbd_cdc.o)
 .text.USBD_CDC_RegisterInterface
                0x0800bd08       0x10 ../../DaisyExamples/libDaisy//build/libdaisy.a(usbd_cdc.o)
                0x0800bd08                USBD_CDC_RegisterInterface
 .text.USBD_CDC_SetTxBuffer
                0x0800bd18       0x14 ../../DaisyExamples/libDaisy//build/libdaisy.a(usbd_cdc.o)
                0x0800bd18                USBD_CDC_SetTxBuffer
 .text.USBD_CDC_SetRxBuffer
                0x0800bd2c       0x10 ../../DaisyExamples/libDaisy//build/libdaisy.a(usbd_cdc.o)
                0x0800bd2c                USBD_CDC_SetRxBuffer
 .text.USBD_CDC_TransmitPacket
                0x0800bd3c       0x34 ../../DaisyExamples/libDaisy//build/libdaisy.a(usbd_cdc.o)
                0x0800bd3c                USBD_CDC_TransmitPacket
 .text.USBD_CDC_ReceivePacket
                0x0800bd70       0x30 ../../DaisyExamples/libDaisy//build/libdaisy.a(usbd_cdc.o)
                0x0800bd70                USBD_CDC_ReceivePacket
 .text.USBD_Init
                0x0800bda0       0x44 ../../DaisyExamples/libDaisy//build/libdaisy.a(usbd_core.o)
                0x0800bda0                USBD_Init
 .text.USBD_RegisterClass
                0x0800bde4       0x2c ../../DaisyExamples/libDaisy//build/libdaisy.a(usbd_core.o)
                0x0800bde4                USBD_RegisterClass
 .text.USBD_Start
                0x0800be10        0xc ../../DaisyExamples/libDaisy//build/libdaisy.a(usbd_core.o)
                0x0800be10                USBD_Start
 .text.USBD_SetClassConfig
                0x0800be1c       0x1c ../../DaisyExamples/libDaisy//build/libdaisy.a(usbd_core.o)
                0x0800be1c                USBD_SetClassConfig
 .text.USBD_ClrClassConfig
                0x0800be38       0x10 ../../DaisyExamples/libDaisy//build/libdaisy.a(usbd_core.o)
                0x0800be38                USBD_ClrClassConfig
 .text.USBD_LL_SetupStage
                0x0800be48       0x5c ../../DaisyExamples/libDaisy//build/libdaisy.a(usbd_core.o)
                0x0800be48                USBD_LL_SetupStage
 .text.USBD_LL_DataOutStage
                0x0800bea4       0x74 ../../DaisyExamples/libDaisy//build/libdaisy.a(usbd_core.o)
                0x0800bea4                USBD_LL_DataOutStage
 .text.USBD_LL_DataInStage
                0x0800bf18       0xc4 ../../DaisyExamples/libDaisy//build/libdaisy.a(usbd_core.o)
                0x0800bf18                USBD_LL_DataInStage
 .text.USBD_LL_Reset
                0x0800bfdc       0x50 ../../DaisyExamples/libDaisy//build/libdaisy.a(usbd_core.o)
                0x0800bfdc                USBD_LL_Reset
 .text.USBD_LL_SetSpeed
                0x0800c02c        0x8 ../../DaisyExamples/libDaisy//build/libdaisy.a(usbd_core.o)
                0x0800c02c                USBD_LL_SetSpeed
 .text.USBD_LL_Suspend
                0x0800c034       0x14 ../../DaisyExamples/libDaisy//build/libdaisy.a(usbd_core.o)
                0x0800c034                USBD_LL_Suspend
 .text.USBD_LL_Resume
                0x0800c048       0x10 ../../DaisyExamples/libDaisy//build/libdaisy.a(usbd_core.o)
                0x0800c048                USBD_LL_Resume
 .text.USBD_LL_SOF
                0x0800c058       0x1c ../../DaisyExamples/libDaisy//build/libdaisy.a(usbd_core.o)
                0x0800c058                USBD_LL_SOF
 .text.USBD_LL_IsoINIncomplete
                0x0800c074        0x4 ../../DaisyExamples/libDaisy//build/libdaisy.a(usbd_core.o)
                0x0800c074                USBD_LL_IsoINIncomplete
 .text.USBD_LL_IsoOUTIncomplete
                0x0800c078        0x4 ../../DaisyExamples/libDaisy//build/libdaisy.a(usbd_core.o)
                0x0800c078                USBD_LL_IsoOUTIncomplete
 .text.USBD_LL_DevConnected
                0x0800c07c        0x4 ../../DaisyExamples/libDaisy//build/libdaisy.a(usbd_core.o)
                0x0800c07c                USBD_LL_DevConnected
 .text.USBD_LL_DevDisconnected
                0x0800c080       0x18 ../../DaisyExamples/libDaisy//build/libdaisy.a(usbd_core.o)
                0x0800c080                USBD_LL_DevDisconnected
 .text.USBD_StdDevReq
                0x0800c098      0x300 ../../DaisyExamples/libDaisy//build/libdaisy.a(usbd_ctlreq.o)
                0x0800c098                USBD_StdDevReq
 .text.USBD_StdItfReq
                0x0800c398       0x68 ../../DaisyExamples/libDaisy//build/libdaisy.a(usbd_ctlreq.o)
                0x0800c398                USBD_StdItfReq
 .text.USBD_StdEPReq
                0x0800c400      0x134 ../../DaisyExamples/libDaisy//build/libdaisy.a(usbd_ctlreq.o)
                0x0800c400                USBD_StdEPReq
 .text.USBD_ParseSetupRequest
                0x0800c534       0x18 ../../DaisyExamples/libDaisy//build/libdaisy.a(usbd_ctlreq.o)
                0x0800c534                USBD_ParseSetupRequest
 .text.USBD_CtlError
                0x0800c54c       0x18 ../../DaisyExamples/libDaisy//build/libdaisy.a(usbd_ctlreq.o)
                0x0800c54c                USBD_CtlError
 .text.USBD_GetString
                0x0800c564       0x50 ../../DaisyExamples/libDaisy//build/libdaisy.a(usbd_ctlreq.o)
                0x0800c564                USBD_GetString
 .text.USBD_CtlSendData
                0x0800c5b4       0x1c ../../DaisyExamples/libDaisy//build/libdaisy.a(usbd_ioreq.o)
                0x0800c5b4                USBD_CtlSendData
 .text.USBD_CtlContinueSendData
                0x0800c5d0       0x14 ../../DaisyExamples/libDaisy//build/libdaisy.a(usbd_ioreq.o)
                0x0800c5d0                USBD_CtlContinueSendData
 .text.USBD_CtlPrepareRx
                0x0800c5e4       0x1c ../../DaisyExamples/libDaisy//build/libdaisy.a(usbd_ioreq.o)
                0x0800c5e4                USBD_CtlPrepareRx
 .text.USBD_CtlContinueRx
                0x0800c600       0x14 ../../DaisyExamples/libDaisy//build/libdaisy.a(usbd_ioreq.o)
                0x0800c600                USBD_CtlContinueRx
 .text.USBD_CtlSendStatus
                0x0800c614       0x18 ../../DaisyExamples/libDaisy//build/libdaisy.a(usbd_ioreq.o)
                0x0800c614                USBD_CtlSendStatus
 .text.USBD_CtlReceiveStatus
                0x0800c62c       0x18 ../../DaisyExamples/libDaisy//build/libdaisy.a(usbd_ioreq.o)
                0x0800c62c                USBD_CtlReceiveStatus
 .text.USBH_LL_IncTimer
                0x0800c644       0x20 ../../DaisyExamples/libDaisy//build/libdaisy.a(usbh_core.o)
                0x0800c644                USBH_LL_IncTimer
 .text.USBH_LL_PortEnabled
                0x0800c664        0x8 ../../DaisyExamples/libDaisy//build/libdaisy.a(usbh_core.o)
                0x0800c664                USBH_LL_PortEnabled
 .text.USBH_LL_PortDisabled
                0x0800c66c        0x8 ../../DaisyExamples/libDaisy//build/libdaisy.a(usbh_core.o)
                0x0800c66c                USBH_LL_PortDisabled
 .text.USBH_LL_Connect
                0x0800c674       0x18 ../../DaisyExamples/libDaisy//build/libdaisy.a(usbh_core.o)
                0x0800c674                USBH_LL_Connect
 .text.USBH_LL_Disconnect
                0x0800c68c       0x2c ../../DaisyExamples/libDaisy//build/libdaisy.a(usbh_core.o)
                0x0800c68c                USBH_LL_Disconnect
 .text.USBH_FreePipe
                0x0800c6b8       0x18 ../../DaisyExamples/libDaisy//build/libdaisy.a(usbh_pipes.o)
                0x0800c6b8                USBH_FreePipe
 .text._ZN5daisy6Random4InitEv
                0x0800c6d0       0x3c ../../DaisyExamples/libDaisy//build/libdaisy.a(rng.o)
                0x0800c6d0                daisy::Random::Init()
 .text._ZN5daisy9SpiHandle4Impl7InitDmaEv
                0x0800c70c       0xec ../../DaisyExamples/libDaisy//build/libdaisy.a(spi.o)
                0x0800c70c                daisy::SpiHandle::Impl::InitDma()
 .text._ZN5daisy9SpiHandle4Impl10StartDmaTxEPhjPFvPvEPFvS3_NS0_6ResultEES3_
                0x0800c7f8       0xbc ../../DaisyExamples/libDaisy//build/libdaisy.a(spi.o)
                0x0800c7f8                daisy::SpiHandle::Impl::StartDmaTx(unsigned char*, unsigned int, void (*)(void*), void (*)(void*, daisy::SpiHandle::Result), void*)
 .text._ZN5daisy9SpiHandle4Impl10StartDmaRxEPhjPFvPvEPFvS3_NS0_6ResultEES3_
                0x0800c8b4       0xbc ../../DaisyExamples/libDaisy//build/libdaisy.a(spi.o)
                0x0800c8b4                daisy::SpiHandle::Impl::StartDmaRx(unsigned char*, unsigned int, void (*)(void*), void (*)(void*, daisy::SpiHandle::Result), void*)
 .text._ZN5daisy9SpiHandle4Impl12StartDmaRxTxEPhS2_jPFvPvEPFvS3_NS0_6ResultEES3_
                0x0800c970       0xbc ../../DaisyExamples/libDaisy//build/libdaisy.a(spi.o)
                0x0800c970                daisy::SpiHandle::Impl::StartDmaRxTx(unsigned char*, unsigned char*, unsigned int, void (*)(void*), void (*)(void*, daisy::SpiHandle::Result), void*)
 .text._ZN5daisy9SpiHandle4Impl8InitPinsEv
                0x0800ca2c      0x214 ../../DaisyExamples/libDaisy//build/libdaisy.a(spi.o)
                0x0800ca2c                daisy::SpiHandle::Impl::InitPins()
 .text.HAL_SPI_MspInit
                0x0800cc40      0x1a8 ../../DaisyExamples/libDaisy//build/libdaisy.a(spi.o)
                0x0800cc40                HAL_SPI_MspInit
 .text.dsy_spi_global_init
                0x0800cde8       0x80 ../../DaisyExamples/libDaisy//build/libdaisy.a(spi.o)
                0x0800cde8                dsy_spi_global_init
 .text.SPI1_IRQHandler
                0x0800ce68        0xc ../../DaisyExamples/libDaisy//build/libdaisy.a(spi.o)
                0x0800ce68                SPI1_IRQHandler
 .text.SPI2_IRQHandler
                0x0800ce74        0xc ../../DaisyExamples/libDaisy//build/libdaisy.a(spi.o)
                0x0800ce74                SPI2_IRQHandler
 .text.SPI3_IRQHandler
                0x0800ce80        0xc ../../DaisyExamples/libDaisy//build/libdaisy.a(spi.o)
                0x0800ce80                SPI3_IRQHandler
 .text.SPI4_IRQHandler
                0x0800ce8c        0xc ../../DaisyExamples/libDaisy//build/libdaisy.a(spi.o)
                0x0800ce8c                SPI4_IRQHandler
 .text.SPI5_IRQHandler
                0x0800ce98        0xc ../../DaisyExamples/libDaisy//build/libdaisy.a(spi.o)
                0x0800ce98                SPI5_IRQHandler
 .text.DMA2_Stream2_IRQHandler
                0x0800cea4       0x34 ../../DaisyExamples/libDaisy//build/libdaisy.a(spi.o)
                0x0800cea4                DMA2_Stream2_IRQHandler
 .text.DMA2_Stream3_IRQHandler
                0x0800ced8       0x34 ../../DaisyExamples/libDaisy//build/libdaisy.a(spi.o)
                0x0800ced8                DMA2_Stream3_IRQHandler
 .text.HAL_SPI_TxCpltCallback
                0x0800cf0c       0xc0 ../../DaisyExamples/libDaisy//build/libdaisy.a(spi.o)
                0x0800cf0c                HAL_SPI_TxCpltCallback
 .text.HAL_SPI_RxCpltCallback
                0x0800cfcc       0xc0 ../../DaisyExamples/libDaisy//build/libdaisy.a(spi.o)
                0x0800cfcc                HAL_SPI_RxCpltCallback
 .text.HAL_SPI_TxRxCpltCallback
                0x0800d08c       0xc0 ../../DaisyExamples/libDaisy//build/libdaisy.a(spi.o)
                0x0800d08c                HAL_SPI_TxRxCpltCallback
 .text.HAL_SPI_ErrorCallback
                0x0800d14c       0xc4 ../../DaisyExamples/libDaisy//build/libdaisy.a(spi.o)
                0x0800d14c                HAL_SPI_ErrorCallback
 .text.startup._GLOBAL__sub_I__Z19MapInstanceToHandleP11SPI_TypeDef
                0x0800d210      0x1bc ../../DaisyExamples/libDaisy//build/libdaisy.a(spi.o)
 .text.HAL_TIM_Base_MspInit
                0x0800d3cc      0x19c ../../DaisyExamples/libDaisy//build/libdaisy.a(tim.o)
                0x0800d3cc                HAL_TIM_Base_MspInit
 .text.HAL_TIM_PeriodElapsedCallback
                0x0800d568       0x44 ../../DaisyExamples/libDaisy//build/libdaisy.a(tim.o)
                0x0800d568                HAL_TIM_PeriodElapsedCallback
 .text.TIM2_IRQHandler
                0x0800d5ac        0xc ../../DaisyExamples/libDaisy//build/libdaisy.a(tim.o)
                0x0800d5ac                TIM2_IRQHandler
 .text.TIM3_IRQHandler
                0x0800d5b8        0xc ../../DaisyExamples/libDaisy//build/libdaisy.a(tim.o)
                0x0800d5b8                TIM3_IRQHandler
 .text.TIM4_IRQHandler
                0x0800d5c4        0xc ../../DaisyExamples/libDaisy//build/libdaisy.a(tim.o)
                0x0800d5c4                TIM4_IRQHandler
 .text.TIM5_IRQHandler
                0x0800d5d0        0xc ../../DaisyExamples/libDaisy//build/libdaisy.a(tim.o)
                0x0800d5d0                TIM5_IRQHandler
 .text._ZN5daisy11TimerHandle4InitERKNS0_6ConfigE
                0x0800d5dc       0xd0 ../../DaisyExamples/libDaisy//build/libdaisy.a(tim.o)
                0x0800d5dc                daisy::TimerHandle::Init(daisy::TimerHandle::Config const&)
 .text._ZN5daisy11TimerHandle5StartEv
                0x0800d6ac       0x24 ../../DaisyExamples/libDaisy//build/libdaisy.a(tim.o)
                0x0800d6ac                daisy::TimerHandle::Start()
 .text._ZN5daisy11TimerHandle7DelayUsEm
                0x0800d6d0       0x34 ../../DaisyExamples/libDaisy//build/libdaisy.a(tim.o)
                0x0800d6d0                daisy::TimerHandle::DelayUs(unsigned long)
 *fill*         0x0800d704        0x4 
 .text.startup._GLOBAL__sub_I__ZN5daisy11TimerHandle4Impl4InitERKNS0_6ConfigE
                0x0800d708       0x44 ../../DaisyExamples/libDaisy//build/libdaisy.a(tim.o)
 .text._ZN5daisy11UartHandler4Impl7InitDmaEbb
                0x0800d74c      0x160 ../../DaisyExamples/libDaisy//build/libdaisy.a(uart.o)
                0x0800d74c                daisy::UartHandler::Impl::InitDma(bool, bool)
 .text._ZN5daisy11UartHandler4Impl10HandleFifoEv
                0x0800d8ac      0x148 ../../DaisyExamples/libDaisy//build/libdaisy.a(uart.o)
                0x0800d8ac                daisy::UartHandler::Impl::HandleFifo()
 .text._ZN5daisy11UartHandler4Impl10StartDmaTxEPhjPFvPvEPFvS3_NS0_6ResultEES3_
                0x0800d9f4       0xbc ../../DaisyExamples/libDaisy//build/libdaisy.a(uart.o)
                0x0800d9f4                daisy::UartHandler::Impl::StartDmaTx(unsigned char*, unsigned int, void (*)(void*), void (*)(void*, daisy::UartHandler::Result), void*)
 .text._ZN5daisy11UartHandler4Impl10StartDmaRxEPhjPFvPvEPFvS3_NS0_6ResultEES3_
                0x0800dab0       0xbc ../../DaisyExamples/libDaisy//build/libdaisy.a(uart.o)
                0x0800dab0                daisy::UartHandler::Impl::StartDmaRx(unsigned char*, unsigned int, void (*)(void*), void (*)(void*, daisy::UartHandler::Result), void*)
 .text._ZN5daisy11UartHandler4Impl19DmaTransferFinishedEP20__UART_HandleTypeDefNS0_6ResultE
                0x0800db6c       0xc0 ../../DaisyExamples/libDaisy//build/libdaisy.a(uart.o)
                0x0800db6c                daisy::UartHandler::Impl::DmaTransferFinished(__UART_HandleTypeDef*, daisy::UartHandler::Result)
 .text._ZN5daisy11UartHandler4Impl8InitPinsEv
                0x0800dc2c      0x14c ../../DaisyExamples/libDaisy//build/libdaisy.a(uart.o)
                0x0800dc2c                daisy::UartHandler::Impl::InitPins()
 .text.HAL_UART_MspInit
                0x0800dd78      0x210 ../../DaisyExamples/libDaisy//build/libdaisy.a(uart.o)
                0x0800dd78                HAL_UART_MspInit
 .text.dsy_uart_global_init
                0x0800df88       0xfc ../../DaisyExamples/libDaisy//build/libdaisy.a(uart.o)
                0x0800df88                dsy_uart_global_init
 .text.USART1_IRQHandler
                0x0800e084       0x30 ../../DaisyExamples/libDaisy//build/libdaisy.a(uart.o)
                0x0800e084                USART1_IRQHandler
 .text.USART2_IRQHandler
                0x0800e0b4       0x38 ../../DaisyExamples/libDaisy//build/libdaisy.a(uart.o)
                0x0800e0b4                USART2_IRQHandler
 .text.USART3_IRQHandler
                0x0800e0ec       0x38 ../../DaisyExamples/libDaisy//build/libdaisy.a(uart.o)
                0x0800e0ec                USART3_IRQHandler
 .text.UART4_IRQHandler
                0x0800e124       0x38 ../../DaisyExamples/libDaisy//build/libdaisy.a(uart.o)
                0x0800e124                UART4_IRQHandler
 .text.UART5_IRQHandler
                0x0800e15c       0x38 ../../DaisyExamples/libDaisy//build/libdaisy.a(uart.o)
                0x0800e15c                UART5_IRQHandler
 .text.USART6_IRQHandler
                0x0800e194       0x38 ../../DaisyExamples/libDaisy//build/libdaisy.a(uart.o)
                0x0800e194                USART6_IRQHandler
 .text.UART7_IRQHandler
                0x0800e1cc       0x34 ../../DaisyExamples/libDaisy//build/libdaisy.a(uart.o)
                0x0800e1cc                UART7_IRQHandler
 .text.UART8_IRQHandler
                0x0800e200       0x38 ../../DaisyExamples/libDaisy//build/libdaisy.a(uart.o)
                0x0800e200                UART8_IRQHandler
 .text.LPUART1_IRQHandler
                0x0800e238       0x38 ../../DaisyExamples/libDaisy//build/libdaisy.a(uart.o)
                0x0800e238                LPUART1_IRQHandler
 .text.DMA1_Stream5_IRQHandler
                0x0800e270       0x34 ../../DaisyExamples/libDaisy//build/libdaisy.a(uart.o)
                0x0800e270                DMA1_Stream5_IRQHandler
 .text.DMA2_Stream4_IRQHandler
                0x0800e2a4       0x34 ../../DaisyExamples/libDaisy//build/libdaisy.a(uart.o)
                0x0800e2a4                DMA2_Stream4_IRQHandler
 .text.HAL_UART_TxCpltCallback
                0x0800e2d8        0x8 ../../DaisyExamples/libDaisy//build/libdaisy.a(uart.o)
                0x0800e2d8                HAL_UART_TxCpltCallback
 .text.HAL_UART_RxCpltCallback
                0x0800e2e0        0x8 ../../DaisyExamples/libDaisy//build/libdaisy.a(uart.o)
                0x0800e2e0                HAL_UART_RxCpltCallback
 .text.HAL_UART_ErrorCallback
                0x0800e2e8        0x8 ../../DaisyExamples/libDaisy//build/libdaisy.a(uart.o)
                0x0800e2e8                HAL_UART_ErrorCallback
 .text.startup._GLOBAL__sub_I__Z19MapInstanceToHandleP13USART_TypeDef
                0x0800e2f0      0x1a4 ../../DaisyExamples/libDaisy//build/libdaisy.a(uart.o)
 .text.dsy_dma_init
                0x0800e494      0x100 ../../DaisyExamples/libDaisy//build/libdaisy.a(dma.o)
                0x0800e494                dsy_dma_init
 .text.HAL_MDMA_Abort_IT
                0x0800e594       0x28 ../../DaisyExamples/libDaisy//build/libdaisy.a(stm32h7xx_hal_mdma.o)
                0x0800e594                HAL_MDMA_Abort_IT
 .text.SPI_CloseTransfer
                0x0800e5bc       0xb8 ../../DaisyExamples/libDaisy//build/libdaisy.a(stm32h7xx_hal_spi.o)
 .text.HAL_SPI_Init
                0x0800e674      0x154 ../../DaisyExamples/libDaisy//build/libdaisy.a(stm32h7xx_hal_spi.o)
                0x0800e674                HAL_SPI_Init
 .text.HAL_SPI_Transmit_DMA
                0x0800e7c8      0x160 ../../DaisyExamples/libDaisy//build/libdaisy.a(stm32h7xx_hal_spi.o)
                0x0800e7c8                HAL_SPI_Transmit_DMA
 .text.HAL_SPI_TransmitReceive_DMA
                0x0800e928      0x1fc ../../DaisyExamples/libDaisy//build/libdaisy.a(stm32h7xx_hal_spi.o)
                0x0800e928                HAL_SPI_TransmitReceive_DMA
 .text.HAL_SPI_Receive_DMA
                0x0800eb24      0x198 ../../DaisyExamples/libDaisy//build/libdaisy.a(stm32h7xx_hal_spi.o)
                0x0800eb24                HAL_SPI_Receive_DMA
 .text.SPI_DMATransmitCplt
                0x0800ecbc       0x28 ../../DaisyExamples/libDaisy//build/libdaisy.a(stm32h7xx_hal_spi.o)
 .text.SPI_DMAReceiveCplt
                0x0800ece4       0x28 ../../DaisyExamples/libDaisy//build/libdaisy.a(stm32h7xx_hal_spi.o)
 .text.SPI_DMATransmitReceiveCplt
                0x0800ed0c       0x28 ../../DaisyExamples/libDaisy//build/libdaisy.a(stm32h7xx_hal_spi.o)
 .text.HAL_SPI_TxHalfCpltCallback
                0x0800ed34        0x4 ../../DaisyExamples/libDaisy//build/libdaisy.a(stm32h7xx_hal_spi.o)
                0x0800ed34                HAL_SPI_TxHalfCpltCallback
 .text.SPI_DMAHalfTransmitCplt
                0x0800ed38        0xc ../../DaisyExamples/libDaisy//build/libdaisy.a(stm32h7xx_hal_spi.o)
 .text.HAL_SPI_RxHalfCpltCallback
                0x0800ed44        0x4 ../../DaisyExamples/libDaisy//build/libdaisy.a(stm32h7xx_hal_spi.o)
                0x0800ed44                HAL_SPI_RxHalfCpltCallback
 .text.SPI_DMAHalfReceiveCplt
                0x0800ed48        0xc ../../DaisyExamples/libDaisy//build/libdaisy.a(stm32h7xx_hal_spi.o)
 .text.HAL_SPI_TxRxHalfCpltCallback
                0x0800ed54        0x4 ../../DaisyExamples/libDaisy//build/libdaisy.a(stm32h7xx_hal_spi.o)
                0x0800ed54                HAL_SPI_TxRxHalfCpltCallback
 .text.SPI_DMAHalfTransmitReceiveCplt
                0x0800ed58        0xc ../../DaisyExamples/libDaisy//build/libdaisy.a(stm32h7xx_hal_spi.o)
 .text.SPI_DMAError
                0x0800ed64       0xd8 ../../DaisyExamples/libDaisy//build/libdaisy.a(stm32h7xx_hal_spi.o)
 .text.HAL_SPI_IRQHandler
                0x0800ee3c      0x238 ../../DaisyExamples/libDaisy//build/libdaisy.a(stm32h7xx_hal_spi.o)
                0x0800ee3c                HAL_SPI_IRQHandler
 .text.SPI_DMAAbortOnError
                0x0800f074       0x1c ../../DaisyExamples/libDaisy//build/libdaisy.a(stm32h7xx_hal_spi.o)
 .text.HAL_SPI_GetState
                0x0800f090        0x8 ../../DaisyExamples/libDaisy//build/libdaisy.a(stm32h7xx_hal_spi.o)
                0x0800f090                HAL_SPI_GetState
 .text.HAL_UART_Transmit_DMA
                0x0800f098       0x90 ../../DaisyExamples/libDaisy//build/libdaisy.a(stm32h7xx_hal_uart.o)
                0x0800f098                HAL_UART_Transmit_DMA
 .text.HAL_UART_Receive_DMA
                0x0800f128       0x9c ../../DaisyExamples/libDaisy//build/libdaisy.a(stm32h7xx_hal_uart.o)
                0x0800f128                HAL_UART_Receive_DMA
 .text.UART_DMATransmitCplt
                0x0800f1c4       0x2c ../../DaisyExamples/libDaisy//build/libdaisy.a(stm32h7xx_hal_uart.o)
 .text.HAL_UART_TxHalfCpltCallback
                0x0800f1f0        0x4 ../../DaisyExamples/libDaisy//build/libdaisy.a(stm32h7xx_hal_uart.o)
                0x0800f1f0                HAL_UART_TxHalfCpltCallback
 .text.UART_DMATxHalfCplt
                0x0800f1f4        0xc ../../DaisyExamples/libDaisy//build/libdaisy.a(stm32h7xx_hal_uart.o)
 .text.UART_DMAReceiveCplt
                0x0800f200       0x38 ../../DaisyExamples/libDaisy//build/libdaisy.a(stm32h7xx_hal_uart.o)
 .text.HAL_UART_RxHalfCpltCallback
                0x0800f238        0x4 ../../DaisyExamples/libDaisy//build/libdaisy.a(stm32h7xx_hal_uart.o)
                0x0800f238                HAL_UART_RxHalfCpltCallback
 .text.UART_DMARxHalfCplt
                0x0800f23c        0xc ../../DaisyExamples/libDaisy//build/libdaisy.a(stm32h7xx_hal_uart.o)
 .text.UART_DMAError
                0x0800f248       0x78 ../../DaisyExamples/libDaisy//build/libdaisy.a(stm32h7xx_hal_uart.o)
 .text.HAL_UART_IRQHandler
                0x0800f2c0      0x1e4 ../../DaisyExamples/libDaisy//build/libdaisy.a(stm32h7xx_hal_uart.o)
                0x0800f2c0                HAL_UART_IRQHandler
 .text.UART_DMAAbortOnError